Archive member included because of file (symbol)

../ecrobot/../ecrobot/libecrobot.a(ecrobot_interface.o)
                              build/./SE_Robot.o (ecrobot_set_light_sensor_active)
../ecrobot/../ecrobot/libecrobot.a(colorsensor.o)
                              ../ecrobot/../ecrobot/libecrobot.a(ecrobot_interface.o) (colorsensor_init)
../ecrobot/../ecrobot/libecrobot.a(osek_hook.o)
                              build/kernel/osctl.o (StartupHook)
../ecrobot/../ecrobot/libecrobot.a(uart.oram)
                              build/config/at91sam7s-gnu/irq.oram (uart_isr_C_0)
../ecrobot/../ecrobot/libecrobot.a(systick.oram)
                              build/syslib/at91sam7s-gnu/lego_nxt/hw_sys_timer.oram (systick_low_priority_C)
../ecrobot/../ecrobot/libecrobot.a(byte_fifo.oram)
                              ../ecrobot/../ecrobot/libecrobot.a(uart.oram) (byte_fifo_put)
../ecrobot/../ecrobot/libecrobot.a(aic.oram)
                              ../ecrobot/../ecrobot/libecrobot.a(uart.oram) (aic_set_vector)
../ecrobot/../ecrobot/libecrobot.a(udp.oram)
                              build/config/at91sam7s-gnu/irq.oram (udp_isr_C)
../ecrobot/../ecrobot/libecrobot.a(twi.oram)
                              build/config/at91sam7s-gnu/irq.oram (twi_isr_C)
../ecrobot/../ecrobot/libecrobot.a(nxt_spi.oram)
                              build/config/at91sam7s-gnu/irq.oram (spi_isr_C)
../ecrobot/../ecrobot/libecrobot.a(nxt_motors.oram)
                              build/./SE_Robot.o (nxt_motor_get_count)
../ecrobot/../ecrobot/libecrobot.a(data_abort.oram)
                              build/ecrobot_init.o (data_abort_C)
../ecrobot/../ecrobot/libecrobot.a(display.oram)
                              build/ecrobot_base.o (display_update)
../ecrobot/../ecrobot/libecrobot.a(i2c.oram)
                              build/config/at91sam7s-gnu/irq.oram (i2c_timer_isr_C)
../ecrobot/../ecrobot/libecrobot.a(sound.oram)
                              ../ecrobot/../ecrobot/libecrobot.a(ecrobot_interface.o) (sound_get_time)
../ecrobot/../ecrobot/libecrobot.a(bt.oram)
                              build/ecrobot_bluetooth.o (bt_send)
../ecrobot/../ecrobot/libecrobot.a(nxt_avr.oram)
                              build/ecrobot_base.o (nxt_avr_power_down)
../ecrobot/../ecrobot/libecrobot.a(sensors.oram)
                              ../ecrobot/../ecrobot/libecrobot.a(ecrobot_interface.o) (unset_digi0)
../ecrobot/../ecrobot/libecrobot.a(sensors1.oram)
                              ../ecrobot/../ecrobot/libecrobot.a(colorsensor.o) (sensor_pins)
../ecrobot/../ecrobot/libecrobot.a(nxt_lcd.oram)
                              ../ecrobot/../ecrobot/libecrobot.a(display.oram) (nxt_lcd_force_update)
../ecrobot/../ecrobot/libecrobot.a(flash_loader.oram)
                              build/ecrobot_base.o (set_flash_request)
../ecrobot/../ecrobot/libecrobot.a(interrupts.oram)
                              ../ecrobot/../ecrobot/libecrobot.a(uart.oram) (interrupts_get_and_disable)
../ecrobot/../ecrobot/libecrobot.a(nxtosek_splash.obmp)
                              build/ecrobot_base.o (nxtosek_splash_bmp_start)
../ecrobot/../ecrobot/libecrobot.a(ecrobot_usb.o)
                              ../ecrobot/../ecrobot/libecrobot.a(flash_loader.oram) (ecrobot_init_usb)
../ecrobot/../ecrobot/libecrobot.a(flashprog.oram)
                              ../ecrobot/../ecrobot/libecrobot.a(flash_loader.oram) (flash_write_page)
/cygdrive/C/cygwin/GNUARM/bin/../lib/gcc/arm-elf/4.0.2/thumb/interwork/libgcc.a(_udivsi3.o)
                              build/ecrobot_base.o (__udivsi3)
/cygdrive/C/cygwin/GNUARM/bin/../lib/gcc/arm-elf/4.0.2/thumb/interwork/libgcc.a(_divsi3.o)
                              ../ecrobot/../ecrobot/libecrobot.a(uart.oram) (__divsi3)
/cygdrive/C/cygwin/GNUARM/bin/../lib/gcc/arm-elf/4.0.2/thumb/interwork/libgcc.a(_umodsi3.o)
                              ../ecrobot/../ecrobot/libecrobot.a(display.oram) (__umodsi3)
/cygdrive/C/cygwin/GNUARM/bin/../lib/gcc/arm-elf/4.0.2/thumb/interwork/libgcc.a(_modsi3.o)
                              ../ecrobot/../ecrobot/libecrobot.a(sound.oram) (__modsi3)
/cygdrive/C/cygwin/GNUARM/bin/../lib/gcc/arm-elf/4.0.2/thumb/interwork/libgcc.a(_dvmd_tls.o)
                              /cygdrive/C/cygwin/GNUARM/bin/../lib/gcc/arm-elf/4.0.2/thumb/interwork/libgcc.a(_udivsi3.o) (__div0)
/cygdrive/C/cygwin/GNUARM/bin/../lib/gcc/arm-elf/4.0.2/thumb/interwork/libgcc.a(_addsubdf3.o)
                              build/./SE_Robot.o (__floatsidf)
/cygdrive/C/cygwin/GNUARM/bin/../lib/gcc/arm-elf/4.0.2/thumb/interwork/libgcc.a(_muldivdf3.o)
                              build/./SE_Robot.o (__muldf3)
/cygdrive/C/cygwin/GNUARM/bin/../lib/gcc/arm-elf/4.0.2/thumb/interwork/libgcc.a(_cmpdf2.o)
                              ../ecrobot/../ecrobot/libecrobot.a(colorsensor.o) (__gtdf2)
/cygdrive/C/cygwin/GNUARM/bin/../lib/gcc/arm-elf/4.0.2/thumb/interwork/libgcc.a(_truncdfsf2.o)
[...]
Memory Configuration

Name             Origin             Length             Attributes
header_ram       0x001ffff0         0x00000010
vector_ram       0x00200000         0x00000040
ram              0x00200040         0x0000ffc0
*default*        0x00000000         0xffffffff

Linker script and memory map

LOAD build/kernel/alarm.o
LOAD build/kernel/event.o
LOAD build/kernel/interrupt.o
LOAD build/kernel/osctl.o
LOAD build/kernel/resource.o
LOAD build/kernel/task.o
LOAD build/kernel/task_manage.o
LOAD build/config/at91sam7s-gnu/cpu_config.o
LOAD build/config/at91sam7s-gnu/lego_nxt/sys_config.o
LOAD build/./kernel_cfg.o
LOAD build/syscalls.o
LOAD build/ecrobot_bluetooth.o
LOAD build/ecrobot_base.o
LOAD build/ecrobot.o
LOAD build/./SE_Robot.o
LOAD build/syslib/at91sam7s-gnu/lego_nxt/hw_sys_timer.oram
LOAD build/nxtvm/platform/nxt/vectors.o
LOAD build/config/at91sam7s-gnu/debug.o
LOAD build/config/at91sam7s-gnu/lego_nxt/sys_support.o
LOAD build/nxt_binary_header.o
LOAD build/nxt_entry_point.o
LOAD build/ecrobot_init.o
LOAD build/config/at91sam7s-gnu/cpu_support.oram
LOAD build/config/at91sam7s-gnu/irq.oram
LOAD ../ecrobot/../c++/liblejososek.a
LOAD ../ecrobot/../ecrobot/libecrobot.a
LOAD /cygdrive/C/cygwin/GNUARM/bin/../lib/gcc/arm-elf/4.0.2/../../../../arm-elf/lib/thumb/interwork/libstdc++.a
LOAD /cygdrive/C/cygwin/GNUARM/bin/../lib/gcc/arm-elf/4.0.2/../../../../arm-elf/lib/thumb/interwork/libm.a
LOAD /cygdrive/C/cygwin/GNUARM/bin/../lib/gcc/arm-elf/4.0.2/thumb/interwork/libgcc.a
LOAD /cygdrive/C/cygwin/GNUARM/bin/../lib/gcc/arm-elf/4.0.2/../../../../arm-elf/lib/thumb/interwork/libc.a
LOAD /cygdrive/C/cygwin/GNUARM/bin/../lib/gcc/arm-elf/4.0.2/thumb/interwork/libgcc.a
                0x00200000                RAM_BASE = 0x200000
                0x00010000                RAM_SIZE = 0x10000

.header         0x001ffff0       0x10
 *nxt_binary_header.o(*.text *.text.*)
 .text          0x001ffff0       0x10 build/nxt_binary_header.o
                0x00200000                . = ALIGN (0x10)

.vectors        0x00200000       0x40
 vectors.o(*.text *.text.*)
 .text          0x00200000       0x38 build/nxtvm/platform/nxt/vectors.o
                0x00200040                . = ALIGN (0x10)
 *fill*         0x00200038        0x8 00
                0x00200000                __vectors_ram_start__ = ADDR (.vectors)
                0x00200040                __vectors_ram_end__ = (ADDR (.vectors) + SIZEOF (.vectors))
                0x00200000                __vectors_load_start__ = LOADADDR (.vectors)
                0x00200040                __vectors_load_end__ = (LOADADDR (.vectors) + SIZEOF (.vectors))

.entry          0x00200040       0x40
 *nxt_entry_point.o(*.text *.text.*)
 .text          0x00200040       0x38 build/nxt_entry_point.o
                0x00200040                NXT_Entry_Point
                0x00200080                . = ALIGN (0x10)
 *fill*         0x00200078        0x8 00

.init           0x00200080      0x280
 *ecrobot_init.o(*.text *.text.*)
 .text          0x00200080      0x280 build/ecrobot_init.o
                0x002001ec                undef_handler
                0x002001f4                prefetch_abort_handler
                0x002001f8                data_abort_handler
                0x002001f0                swi_handler
                0x00200080                start
                0x00200214                reserved_handler
                0x00200300                . = ALIGN (0x10)

.ram_text       0x00200300     0x2fe0
                0x00200300                . = ALIGN (0x10)
 *.oram(*.text *.text.* *.glue*)
 .text.systick_isr_C1
                0x00200300       0x28 build/syslib/at91sam7s-gnu/lego_nxt/hw_sys_timer.oram
                0x00200300                systick_isr_C1
 *fill*         0x00200328        0x8 00
 .text          0x00200330      0x230 build/config/at91sam7s-gnu/cpu_support.oram
                0x00200510                enable_int
                0x002003b0                start_dispatch
                0x00200370                activate_r
                0x00200508                disable_int
                0x00200330                dispatch
                0x002004dc                int_return
                0x0020046c                _interrupt
                0x002003a0                exit_and_dispatch
                0x00200518                nop
 .text          0x00200560      0x2c0 build/config/at91sam7s-gnu/irq.oram
                0x00200560                default_isr
                0x002006ec                uart_isr_entry_0
                0x0020066c                twi_isr_entry
                0x0020072c                uart_isr_entry_1
                0x0020062c                spi_isr_entry
                0x002005ac                systick_low_priority_entry
                0x0020076c                nxt_motor_isr_entry
                0x002007ac                i2c_timer_isr_entry
                0x00200560                default_fiq
                0x00200564                systick_isr_entry
                0x00200560                spurious_isr
                0x002006ac                sound_isr_entry
                0x002005ec                udp_isr_entry
 .text.uart_process_isr
                0x00200820       0x88 ../ecrobot/../ecrobot/libecrobot.a(uart.oram)
 .text.uart_isr_C_0
                0x002008a8        0xc ../ecrobot/../ecrobot/libecrobot.a(uart.oram)
                0x002008a8                uart_isr_C_0
 .text.uart_isr_C_1
                0x002008b4        0xc ../ecrobot/../ecrobot/libecrobot.a(uart.oram)
                0x002008b4                uart_isr_C_1
 .text.systick_low_priority_C
                0x002008c0       0x1c ../ecrobot/../ecrobot/libecrobot.a(systick.oram)
                0x002008c0                systick_low_priority_C
 .text.systick_isr_C
                0x002008dc       0x24 ../ecrobot/../ecrobot/libecrobot.a(systick.oram)
                0x002008dc                systick_isr_C
 .text.systick_get_ms
                0x00200900        0xc ../ecrobot/../ecrobot/libecrobot.a(systick.oram)
                0x00200900                systick_get_ms
 .text.systick_wait_ms
                0x0020090c       0x1c ../ecrobot/../ecrobot/libecrobot.a(systick.oram)
                0x0020090c                systick_wait_ms
 .text.systick_wait_ns
                0x00200928       0x1c ../ecrobot/../ecrobot/libecrobot.a(systick.oram)
                0x00200928                systick_wait_ns
 .text.systick_init
                0x00200944       0x58 ../ecrobot/../ecrobot/libecrobot.a(systick.oram)
                0x00200944                systick_init
 .text.systick_suspend
                0x0020099c        0xc ../ecrobot/../ecrobot/libecrobot.a(systick.oram)
                0x0020099c                systick_suspend
 .text.systick_resume
                0x002009a8        0xc ../ecrobot/../ecrobot/libecrobot.a(systick.oram)
                0x002009a8                systick_resume
 .text.byte_fifo_put
                0x002009b4       0x58 ../ecrobot/../ecrobot/libecrobot.a(byte_fifo.oram)
                0x002009b4                byte_fifo_put
 .text.byte_fifo_get
                0x00200a0c       0x2c ../ecrobot/../ecrobot/libecrobot.a(byte_fifo.oram)
                0x00200a0c                byte_fifo_get
 .text.aic_initialise
                0x00200a38       0x5c ../ecrobot/../ecrobot/libecrobot.a(aic.oram)
                0x00200a38                aic_initialise
 .text.aic_set_vector
                0x00200a94       0x30 ../ecrobot/../ecrobot/libecrobot.a(aic.oram)
                0x00200a94                aic_set_vector
 .text.aic_mask_on
                0x00200ac4       0x24 ../ecrobot/../ecrobot/libecrobot.a(aic.oram)
                0x00200ac4                aic_mask_on
 .text.aic_mask_off
                0x00200ae8       0x24 ../ecrobot/../ecrobot/libecrobot.a(aic.oram)
                0x00200ae8                aic_mask_off
 .text.aic_clear
                0x00200b0c       0x24 ../ecrobot/../ecrobot/libecrobot.a(aic.oram)
                0x00200b0c                aic_clear
 .text.reset    0x00200b30       0x4c ../ecrobot/../ecrobot/libecrobot.a(udp.oram)
 .text.udp_send_null
                0x00200b7c       0x2c ../ecrobot/../ecrobot/libecrobot.a(udp.oram)
 .text.udp_send_stall
                0x00200ba8       0x2c ../ecrobot/../ecrobot/libecrobot.a(udp.oram)
 .text.udp_send_control
                0x00200bd4       0x60 ../ecrobot/../ecrobot/libecrobot.a(udp.oram)
 .text.udp_isr_C
                0x00200c34      0x7d0 ../ecrobot/../ecrobot/libecrobot.a(udp.oram)
                0x00200c34                udp_isr_C
 .text.twi_status
                0x00201404       0x20 ../ecrobot/../ecrobot/libecrobot.a(twi.oram)
                0x00201404                twi_status
 .text.twi_isr_C
                0x00201424       0xc4 ../ecrobot/../ecrobot/libecrobot.a(twi.oram)
                0x00201424                twi_isr_C
 .text.twi_reset
                0x002014e8       0xb4 ../ecrobot/../ecrobot/libecrobot.a(twi.oram)
                0x002014e8                twi_reset
 .text.twi_init
                0x0020159c       0x4c ../ecrobot/../ecrobot/libecrobot.a(twi.oram)
                0x0020159c                twi_init
 .text.twi_start_read
                0x002015e8       0x60 ../ecrobot/../ecrobot/libecrobot.a(twi.oram)
                0x002015e8                twi_start_read
 .text.twi_start_write
                0x00201648       0x64 ../ecrobot/../ecrobot/libecrobot.a(twi.oram)
                0x00201648                twi_start_write
 .text.spi_set_mode
                0x002016ac       0x40 ../ecrobot/../ecrobot/libecrobot.a(nxt_spi.oram)
 .text.spi_isr_C
                0x002016ec       0x8c ../ecrobot/../ecrobot/libecrobot.a(nxt_spi.oram)
                0x002016ec                spi_isr_C
 .text.nxt_spi_init
                0x00201778      0x12c ../ecrobot/../ecrobot/libecrobot.a(nxt_spi.oram)
                0x00201778                nxt_spi_init
 .text.nxt_spi_write
                0x002018a4       0x44 ../ecrobot/../ecrobot/libecrobot.a(nxt_spi.oram)
                0x002018a4                nxt_spi_write
 .text.nxt_spi_set_display
                0x002018e8       0x10 ../ecrobot/../ecrobot/libecrobot.a(nxt_spi.oram)
                0x002018e8                nxt_spi_set_display
 .text.nxt_spi_refresh
                0x002018f8       0x24 ../ecrobot/../ecrobot/libecrobot.a(nxt_spi.oram)
                0x002018f8                nxt_spi_refresh
 .text.nxt_motor_get_count
                0x0020191c       0x14 ../ecrobot/../ecrobot/libecrobot.a(nxt_motors.oram)
                0x0020191c                nxt_motor_get_count
 .text.nxt_motor_set_count
                0x00201930       0x10 ../ecrobot/../ecrobot/libecrobot.a(nxt_motors.oram)
                0x00201930                nxt_motor_set_count
 .text.nxt_motor_set_speed
                0x00201940       0x34 ../ecrobot/../ecrobot/libecrobot.a(nxt_motors.oram)
                0x00201940                nxt_motor_set_speed
 .text.nxt_motor_1kHz_process
                0x00201974       0x28 ../ecrobot/../ecrobot/libecrobot.a(nxt_motors.oram)
                0x00201974                nxt_motor_1kHz_process
 .text.nxt_motor_quad_decode
                0x0020199c       0x30 ../ecrobot/../ecrobot/libecrobot.a(nxt_motors.oram)
                0x0020199c                nxt_motor_quad_decode
 .text.nxt_motor_isr_C
                0x002019cc       0x88 ../ecrobot/../ecrobot/libecrobot.a(nxt_motors.oram)
                0x002019cc                nxt_motor_isr_C
 .text.nxt_motor_init
                0x00201a54       0x68 ../ecrobot/../ecrobot/libecrobot.a(nxt_motors.oram)
                0x00201a54                nxt_motor_init
 .text.data_abort_C
                0x00201abc       0x7c ../ecrobot/../ecrobot/libecrobot.a(data_abort.oram)
                0x00201abc                data_abort_C
 .text.display_update
                0x00201b38       0x14 ../ecrobot/../ecrobot/libecrobot.a(display.oram)
                0x00201b38                display_update
 .text.display_force_update
                0x00201b4c        0xc ../ecrobot/../ecrobot/libecrobot.a(display.oram)
                0x00201b4c                display_force_update
 .text.display_clear
                0x00201b58       0x24 ../ecrobot/../ecrobot/libecrobot.a(display.oram)
                0x00201b58                display_clear
 .text.display_goto_xy
                0x00201b7c       0x14 ../ecrobot/../ecrobot/libecrobot.a(display.oram)
                0x00201b7c                display_goto_xy
 .text.display_char
                0x00201b90       0x60 ../ecrobot/../ecrobot/libecrobot.a(display.oram)
                0x00201b90                display_char
 .text.display_string
                0x00201bf0       0x3c ../ecrobot/../ecrobot/libecrobot.a(display.oram)
                0x00201bf0                display_string
 .text.display_hex
                0x00201c2c       0x50 ../ecrobot/../ecrobot/libecrobot.a(display.oram)
                0x00201c2c                display_hex
 .text.display_unsigned_worker
                0x00201c7c       0x70 ../ecrobot/../ecrobot/libecrobot.a(display.oram)
 .text.display_unsigned
                0x00201cec        0xc ../ecrobot/../ecrobot/libecrobot.a(display.oram)
                0x00201cec                display_unsigned
 .text.display_int
                0x00201cf8       0x14 ../ecrobot/../ecrobot/libecrobot.a(display.oram)
                0x00201cf8                display_int
 .text.display_bitmap_copy
                0x00201d0c       0x5c ../ecrobot/../ecrobot/libecrobot.a(display.oram)
                0x00201d0c                display_bitmap_copy
 .text.display_init
                0x00201d68       0x50 ../ecrobot/../ecrobot/libecrobot.a(display.oram)
                0x00201d68                display_init
 .text.i2c_timer_isr_C
                0x00201db8      0x314 ../ecrobot/../ecrobot/libecrobot.a(i2c.oram)
                0x00201db8                i2c_timer_isr_C
 .text.i2c_disable
                0x002020cc       0x20 ../ecrobot/../ecrobot/libecrobot.a(i2c.oram)
                0x002020cc                i2c_disable
 .text.i2c_init
                0x002020ec       0xa4 ../ecrobot/../ecrobot/libecrobot.a(i2c.oram)
                0x002020ec                i2c_init
 .text.sound_fill_sample_buffer
                0x00202190       0xe4 ../ecrobot/../ecrobot/libecrobot.a(sound.oram)
                0x00202190                sound_fill_sample_buffer
 .text.sound_init
                0x00202274       0xa0 ../ecrobot/../ecrobot/libecrobot.a(sound.oram)
                0x00202274                sound_init
 .text.sound_isr_C
                0x00202314      0x144 ../ecrobot/../ecrobot/libecrobot.a(sound.oram)
                0x00202314                sound_isr_C
 .text.bt_init  0x00202458      0x1c0 ../ecrobot/../ecrobot/libecrobot.a(bt.oram)
                0x00202458                bt_init
 .text.nxt_avr_power_down
                0x00202618       0x10 ../ecrobot/../ecrobot/libecrobot.a(nxt_avr.oram)
                0x00202618                nxt_avr_power_down
 .text.nxt_avr_link_init
                0x00202628       0x20 ../ecrobot/../ecrobot/libecrobot.a(nxt_avr.oram)
                0x00202628                nxt_avr_link_init
 .text.nxt_avr_init
                0x00202648       0x6c ../ecrobot/../ecrobot/libecrobot.a(nxt_avr.oram)
                0x00202648                nxt_avr_init
 .text.nxt_avr_1kHz_update
                0x002026b4      0x1cc ../ecrobot/../ecrobot/libecrobot.a(nxt_avr.oram)
                0x002026b4                nxt_avr_1kHz_update
 .text.buttons_get
                0x00202880        0xc ../ecrobot/../ecrobot/libecrobot.a(nxt_avr.oram)
                0x00202880                buttons_get
 .text.battery_voltage
                0x0020288c       0x28 ../ecrobot/../ecrobot/libecrobot.a(nxt_avr.oram)
                0x0020288c                battery_voltage
 .text.sensor_adc
                0x002028b4       0x20 ../ecrobot/../ecrobot/libecrobot.a(nxt_avr.oram)
                0x002028b4                sensor_adc
 .text.nxt_avr_set_motor
                0x002028d4       0x34 ../ecrobot/../ecrobot/libecrobot.a(nxt_avr.oram)
                0x002028d4                nxt_avr_set_motor
 .text.nxt_avr_set_input_power
                0x00202908       0x3c ../ecrobot/../ecrobot/libecrobot.a(nxt_avr.oram)
                0x00202908                nxt_avr_set_input_power
 .text.unset_digi0
                0x00202944       0x44 ../ecrobot/../ecrobot/libecrobot.a(sensors.oram)
                0x00202944                unset_digi0
 .text.unset_digi1
                0x00202988       0x44 ../ecrobot/../ecrobot/libecrobot.a(sensors.oram)
                0x00202988                unset_digi1
 .text.init_sensors
                0x002029cc       0x4c ../ecrobot/../ecrobot/libecrobot.a(sensors.oram)
                0x002029cc                init_sensors
 .text.set_digi0
                0x00202a18       0x44 ../ecrobot/../ecrobot/libecrobot.a(sensors.oram)
                0x00202a18                set_digi0
 .text.nxt_lcd_command
                0x00202a5c       0x18 ../ecrobot/../ecrobot/libecrobot.a(nxt_lcd.oram)
                0x00202a5c                nxt_lcd_command
 .text.nxt_lcd_set_col
                0x00202a74       0x24 ../ecrobot/../ecrobot/libecrobot.a(nxt_lcd.oram)
                0x00202a74                nxt_lcd_set_col
 .text.nxt_lcd_set_multiplex_rate
                0x00202a98       0x18 ../ecrobot/../ecrobot/libecrobot.a(nxt_lcd.oram)
                0x00202a98                nxt_lcd_set_multiplex_rate
 .text.nxt_lcd_set_page_address
                0x00202ab0       0x18 ../ecrobot/../ecrobot/libecrobot.a(nxt_lcd.oram)
                0x00202ab0                nxt_lcd_set_page_address
 .text.nxt_lcd_set_pot
                0x00202ac8       0x1c ../ecrobot/../ecrobot/libecrobot.a(nxt_lcd.oram)
                0x00202ac8                nxt_lcd_set_pot
 .text.nxt_lcd_set_ram_address_control
                0x00202ae4       0x18 ../ecrobot/../ecrobot/libecrobot.a(nxt_lcd.oram)
                0x00202ae4                nxt_lcd_set_ram_address_control
 .text.nxt_lcd_enable
                0x00202afc       0x14 ../ecrobot/../ecrobot/libecrobot.a(nxt_lcd.oram)
                0x00202afc                nxt_lcd_enable
 .text.nxt_lcd_set_map_control
                0x00202b10       0x18 ../ecrobot/../ecrobot/libecrobot.a(nxt_lcd.oram)
                0x00202b10                nxt_lcd_set_map_control
 .text.nxt_lcd_reset
                0x00202b28        0xc ../ecrobot/../ecrobot/libecrobot.a(nxt_lcd.oram)
                0x00202b28                nxt_lcd_reset
 .text.nxt_lcd_set_bias_ratio
                0x00202b34       0x18 ../ecrobot/../ecrobot/libecrobot.a(nxt_lcd.oram)
                0x00202b34                nxt_lcd_set_bias_ratio
 .text.nxt_lcd_force_update
                0x00202b4c       0x30 ../ecrobot/../ecrobot/libecrobot.a(nxt_lcd.oram)
                0x00202b4c                nxt_lcd_force_update
 .text.nxt_lcd_update
                0x00202b7c        0xc ../ecrobot/../ecrobot/libecrobot.a(nxt_lcd.oram)
                0x00202b7c                nxt_lcd_update
 .text.nxt_lcd_power_up
                0x00202b88       0x48 ../ecrobot/../ecrobot/libecrobot.a(nxt_lcd.oram)
                0x00202b88                nxt_lcd_power_up
 .text.nxt_lcd_power_down
                0x00202bd0        0xc ../ecrobot/../ecrobot/libecrobot.a(nxt_lcd.oram)
                0x00202bd0                nxt_lcd_power_down
 .text.nxt_lcd_init
                0x00202bdc       0x18 ../ecrobot/../ecrobot/libecrobot.a(nxt_lcd.oram)
                0x00202bdc                nxt_lcd_init
 .text.verify_flash_page
                0x00202bf4       0x34 ../ecrobot/../ecrobot/libecrobot.a(flash_loader.oram)
 .text.set_flash_request
                0x00202c28       0x38 ../ecrobot/../ecrobot/libecrobot.a(flash_loader.oram)
                0x00202c28                set_flash_request
 .text.nxt_device_init
                0x00202c60       0x38 ../ecrobot/../ecrobot/libecrobot.a(flash_loader.oram)
                0x00202c60                nxt_device_init
 .text          0x00202c98       0x68 ../ecrobot/../ecrobot/libecrobot.a(interrupts.oram)
                0x00202cf0                fiq_enable
                0x00202c98                interrupts_get_and_disable
                0x00202ccc                fiq_get_and_disable
                0x00202cbc                interrupts_enable
 .text.flash_write_page
                0x00202d00       0xc0 ../ecrobot/../ecrobot/libecrobot.a(flashprog.oram)
                0x00202d00                flash_write_page
                0x00202dc0                . = ALIGN (0x10)
 *.oram(*.rodata *.rodata.*)
 .rodata.ld     0x00202dc0        0x4 ../ecrobot/../ecrobot/libecrobot.a(udp.oram)
 .rodata.cfd    0x00202dc4       0x20 ../ecrobot/../ecrobot/libecrobot.a(udp.oram)
 .rodata.dd     0x00202de4       0x12 ../ecrobot/../ecrobot/libecrobot.a(udp.oram)
 *fill*         0x00202df6        0x2 00
 .rodata.str1.4
                0x00202df8       0x22 ../ecrobot/../ecrobot/libecrobot.a(data_abort.oram)
                                 0x24 (size before relaxing)
 .rodata.font   0x00202e1a      0x280 ../ecrobot/../ecrobot/libecrobot.a(display.oram)
 *fill*         0x0020309a        0x2 00
 .rodata.str1.4
                0x0020309c       0x76 ../ecrobot/../ecrobot/libecrobot.a(display.oram)
                                 0x78 (size before relaxing)
 *fill*         0x00203112        0x2 00
 .rodata.i2c_pin
                0x00203114       0x20 ../ecrobot/../ecrobot/libecrobot.a(i2c.oram)
 .rodata.i2c_timer_isr_C
                0x00203134       0x38 ../ecrobot/../ecrobot/libecrobot.a(i2c.oram)
 .rodata.silence
                0x0020316c       0x40 ../ecrobot/../ecrobot/libecrobot.a(sound.oram)
                0x0020316c                silence
 .rodata.sample_pattern
                0x002031ac       0x84 ../ecrobot/../ecrobot/libecrobot.a(sound.oram)
                0x002031ac                sample_pattern
 .rodata        0x00203230        0xc ../ecrobot/../ecrobot/libecrobot.a(sound.oram)
 .rodata.avr_brainwash_string
                0x0020323c       0x30 ../ecrobot/../ecrobot/libecrobot.a(nxt_avr.oram)
                0x0020323c                avr_brainwash_string
 .rodata.nxt_avr_1kHz_update
                0x0020326c       0x14 ../ecrobot/../ecrobot/libecrobot.a(nxt_avr.oram)
 .rodata.C.33.1823
                0x00203280       0x10 ../ecrobot/../ecrobot/libecrobot.a(sensors.oram)
 .rodata.C.37.1857
                0x00203290       0x10 ../ecrobot/../ecrobot/libecrobot.a(sensors.oram)
 .rodata.C.31.1806
                0x002032a0       0x10 ../ecrobot/../ecrobot/libecrobot.a(sensors.oram)
 .rodata.str1.4
                0x002032b0       0x23 ../ecrobot/../ecrobot/libecrobot.a(flash_loader.oram)
                                 0x24 (size before relaxing)
                0x002032e0                . = ALIGN (0x10)
 *fill*         0x002032d3        0xd 00
                0x00200300                __ramtext_ram_start__ = ADDR (.ram_text)
                0x002032e0                __ramtext_ram_end__ = (ADDR (.ram_text) + SIZEOF (.ram_text))
                0x00200300                __ramtext_load_start__ = LOADADDR (.ram_text)
                0x002032e0                __ramtext_load_end__ = (__ramtext_load_start__ + SIZEOF (.ram_text))

.wav_data       0x002032e0        0x0
 *.owav(*.data *.data.*)
                0x002032e0                . = ALIGN (0x10)

.bmp_data       0x002032e0      0x440
 *.obmp(*.data *.data.*)
 .data          0x002032e0      0x43e ../ecrobot/../ecrobot/libecrobot.a(nxtosek_splash.obmp)
                0x002032e0                nxtosek_splash_bmp_start
                0x0020371e                nxtosek_splash_bmp_end
                0x00203720                . = ALIGN (0x10)
 *fill*         0x0020371e        0x2 00

.spr_data       0x00203720        0x0
 *.ospr(*.data *.data.*)
                0x00203720                . = ALIGN (0x10)

.data           0x00203720       0x60
 *(*.data *.data.*)
 .data.is_line  0x00203720        0x4 build/./SE_Robot.o
                0x00203720                is_line
 .data.deviceStatus
                0x00203724        0x1 ../ecrobot/../ecrobot/libecrobot.a(ecrobot_interface.o)
 .data.named    0x00203725       0x22 ../ecrobot/../ecrobot/libecrobot.a(udp.oram)
 .data.snd      0x00203747       0x1a ../ecrobot/../ecrobot/libecrobot.a(udp.oram)
 *fill*         0x00203761        0x3 00
 .data.configured
                0x00203764        0x4 ../ecrobot/../ecrobot/libecrobot.a(udp.oram)
 .data.mode     0x00203768        0x1 ../ecrobot/../ecrobot/libecrobot.a(nxt_spi.oram)
                0x00203768                mode
 *fill*         0x00203769        0x3 00
 .bss.data      0x0020376c        0x4 ../ecrobot/../ecrobot/libecrobot.a(nxt_spi.oram)
                0x0020376c                data
 .data.display_auto_update
                0x00203770        0x4 ../ecrobot/../ecrobot/libecrobot.a(display.oram)
                0x00203770                display_auto_update
 .data.display_buffer
                0x00203774        0x4 ../ecrobot/../ecrobot/libecrobot.a(display.oram)
                0x00203780                . = ALIGN (0x10)
 *fill*         0x00203778        0x8 00
                0x00203720                __data_ram_start__ = ADDR (.data)
                0x00203780                __data_ram_end__ = (ADDR (.data) + SIZEOF (.data))
                0x00203720                __data_load_start__ = LOADADDR (.data)
                0x00203780                __data_load_end__ = (__data_load_start__ + SIZEOF (.data))

.text           0x00203780     0x1ff0
                0x00203780                . = ALIGN (0x10)
 *(*.text *.text.* *.glue*)
 .text.enqueue_alarm
                0x00203780       0x90 build/kernel/alarm.o
 .text.alarm_initialize
                0x00203810       0x98 build/kernel/alarm.o
                0x00203810                alarm_initialize
 .text.SignalCounter
                0x002038a8      0x134 build/kernel/alarm.o
                0x002038a8                SignalCounter
 .text.StartOS  0x002039dc       0x58 build/kernel/osctl.o
                0x002039dc                StartOS
 .text.ShutdownOS
                0x00203a34       0x4c build/kernel/osctl.o
                0x00203a34                ShutdownOS
 .text.call_pretaskhook
                0x00203a80       0x24 build/kernel/osctl.o
                0x00203a80                call_pretaskhook
 .text.call_errorhook
                0x00203aa4       0x78 build/kernel/osctl.o
                0x00203aa4                call_errorhook
 .text.call_posttaskhook
                0x00203b1c       0x24 build/kernel/osctl.o
                0x00203b1c                call_posttaskhook
 .text.search_schedtsk
                0x00203b40       0x94 build/kernel/task.o
                0x00203b40                search_schedtsk
 .text.make_runnable
                0x00203bd4       0xac build/kernel/task.o
                0x00203bd4                make_runnable
 .text.make_active
                0x00203c80       0x78 build/kernel/task.o
                0x00203c80                make_active
 .text.task_initialize
                0x00203cf8       0x90 build/kernel/task.o
                0x00203cf8                task_initialize
 .text.ActivateTask
                0x00203d88       0x8c build/kernel/task_manage.o
                0x00203d88                ActivateTask
 .text.TerminateTask
                0x00203e14       0x74 build/kernel/task_manage.o
                0x00203e14                TerminateTask
 .text.cpu_initialize
                0x00203e88        0x4 build/config/at91sam7s-gnu/cpu_config.o
                0x00203e88                cpu_initialize
 .text.cpu_terminate
                0x00203e8c        0x4 build/config/at91sam7s-gnu/cpu_config.o
                0x00203e8c                cpu_terminate
 .text.sys_initialize
                0x00203e90        0x4 build/config/at91sam7s-gnu/lego_nxt/sys_config.o
                0x00203e90                sys_initialize
 .text.sys_exit
                0x00203e94        0x4 build/config/at91sam7s-gnu/lego_nxt/sys_config.o
                0x00203e94                sys_exit
 .text._activate_alarm_OSEK_Alarm_task_ts1
                0x00203e98        0xc build/./kernel_cfg.o
 .text._activate_alarm_OSEK_Alarm_task_ts2
                0x00203ea4        0xc build/./kernel_cfg.o
 .text._activate_alarm_OSEK_Alarm_task_ts3
                0x00203eb0        0xc build/./kernel_cfg.o
 .text.object_initialize
                0x00203ebc       0x10 build/./kernel_cfg.o
                0x00203ebc                object_initialize
 .text.init_OS_flag
                0x00203ecc        0xc build/ecrobot_base.o
                0x00203ecc                init_OS_flag
 .text.set_OS_flag
                0x00203ed8        0xc build/ecrobot_base.o
                0x00203ed8                set_OS_flag
 .text.get_OS_flag
                0x00203ee4        0xc build/ecrobot_base.o
                0x00203ee4                get_OS_flag
 .text.cpp_constructor
                0x00203ef0       0x28 build/ecrobot_base.o
                0x00203ef0                cpp_constructor
 .text.cpp_destructor
                0x00203f18       0x28 build/ecrobot_base.o
                0x00203f18                cpp_destructor
 .text.execution_mode
                0x00203f40       0x24 build/ecrobot_base.o
                0x00203f40                execution_mode
 .text.show_main_screen
                0x00203f64       0x48 build/ecrobot_base.o
                0x00203f64                show_main_screen
 .text.display_status_bar
                0x00203fac       0x5c build/ecrobot_base.o
                0x00203fac                display_status_bar
 .text.restart_NXT
                0x00204008       0x2c build/ecrobot_base.o
                0x00204008                restart_NXT
 .text.shutdown_NXT
                0x00204034       0x2c build/ecrobot_base.o
                0x00204034                shutdown_NXT
 .text.check_NXT_buttons
                0x00204060       0x38 build/ecrobot_base.o
                0x00204060                check_NXT_buttons
 .text.add_status_info
                0x00204098       0x68 build/ecrobot_base.o
                0x00204098                add_status_info
 .text.show_splash_screen
                0x00204100       0x90 build/ecrobot_base.o
                0x00204100                show_splash_screen
 .text.main     0x00204190      0x10c build/ecrobot.o
                0x00204190                main
 .text.ecrobot_device_initialize
                0x0020429c       0x24 build/./SE_Robot.o
                0x0020429c                ecrobot_device_initialize
 .text.ecrobot_device_terminate
                0x002042c0        0x4 build/./SE_Robot.o
                0x002042c0                ecrobot_device_terminate
 .text.user_1ms_isr_type2
                0x002042c4       0x14 build/./SE_Robot.o
                0x002042c4                user_1ms_isr_type2
 .text.TaskMainDisplayTask
                0x002042d8       0x74 build/./SE_Robot.o
                0x002042d8                TaskMainDisplayTask
 .text.TaskMainTouchSensorTask
                0x0020434c        0xc build/./SE_Robot.o
                0x0020434c                TaskMainTouchSensorTask
 .text.TaskMainActionTask
                0x00204358       0xbc build/./SE_Robot.o
                0x00204358                TaskMainActionTask
 .text.ecrobot_set_light_sensor_active
                0x00204414       0x10 ../ecrobot/../ecrobot/libecrobot.a(ecrobot_interface.o)
                0x00204414                ecrobot_set_light_sensor_active
 .text.ecrobot_get_light_sensor
                0x00204424       0x14 ../ecrobot/../ecrobot/libecrobot.a(ecrobot_interface.o)
                0x00204424                ecrobot_get_light_sensor
 .text.ecrobot_get_battery_voltage
                0x00204438        0xc ../ecrobot/../ecrobot/libecrobot.a(ecrobot_interface.o)
                0x00204438                ecrobot_get_battery_voltage
 .text.ecrobot_get_button_state
                0x00204444        0xc ../ecrobot/../ecrobot/libecrobot.a(ecrobot_interface.o)
                0x00204444                ecrobot_get_button_state
 .text.ecrobot_init_nxtstate
                0x00204450       0x28 ../ecrobot/../ecrobot/libecrobot.a(ecrobot_interface.o)
                0x00204450                ecrobot_init_nxtstate
 .text.ecrobot_poll_nxtstate
                0x00204478       0x64 ../ecrobot/../ecrobot/libecrobot.a(ecrobot_interface.o)
                0x00204478                ecrobot_poll_nxtstate
 .text.ecrobot_setDeviceInitialized
                0x002044dc       0x18 ../ecrobot/../ecrobot/libecrobot.a(ecrobot_interface.o)
                0x002044dc                ecrobot_setDeviceInitialized
 .text.ecrobot_initDeviceStatus
                0x002044f4        0xc ../ecrobot/../ecrobot/libecrobot.a(ecrobot_interface.o)
                0x002044f4                ecrobot_initDeviceStatus
 .text.ecrobot_bmp2lcd
                0x00204500      0x1c8 ../ecrobot/../ecrobot/libecrobot.a(ecrobot_interface.o)
                0x00204500                ecrobot_bmp2lcd
 .text.StartupHook
                0x002046c8        0x4 ../ecrobot/../ecrobot/libecrobot.a(osek_hook.o)
                0x002046c8                StartupHook
 .text.PreTaskHook
                0x002046cc        0x4 ../ecrobot/../ecrobot/libecrobot.a(osek_hook.o)
                0x002046cc                PreTaskHook
 .text.PostTaskHook
                0x002046d0        0x4 ../ecrobot/../ecrobot/libecrobot.a(osek_hook.o)
                0x002046d0                PostTaskHook
 .text.ErrorHook
                0x002046d4        0x4 ../ecrobot/../ecrobot/libecrobot.a(osek_hook.o)
                0x002046d4                ErrorHook
 .text.ShutdownHook
                0x002046d8        0x4 ../ecrobot/../ecrobot/libecrobot.a(osek_hook.o)
                0x002046d8                ShutdownHook
 .text          0x002046dc       0x8c /cygdrive/C/cygwin/GNUARM/bin/../lib/gcc/arm-elf/4.0.2/thumb/interwork/libgcc.a(_udivsi3.o)
                0x002046dc                __udivsi3
                0x00204758                __aeabi_uidivmod
 .text          0x00204768       0xc8 /cygdrive/C/cygwin/GNUARM/bin/../lib/gcc/arm-elf/4.0.2/thumb/interwork/libgcc.a(_umodsi3.o)
                0x00204768                __umodsi3
 .text          0x00204830        0x4 /cygdrive/C/cygwin/GNUARM/bin/../lib/gcc/arm-elf/4.0.2/thumb/interwork/libgcc.a(_dvmd_tls.o)
                0x00204830                __aeabi_ldiv0
                0x00204830                __div0
                0x00204830                __aeabi_idiv0
 .text          0x00204834      0x430 /cygdrive/C/cygwin/GNUARM/bin/../lib/gcc/arm-elf/4.0.2/thumb/interwork/libgcc.a(_addsubdf3.o)
                0x00204bf8                __floatdidf
                0x00204b78                __floatsidf
                0x00204b50                __aeabi_ui2d
                0x00204834                __aeabi_drsub
                0x00204ba4                __extendsfdf2
                0x00204840                __adddf3
                0x00204b50                __floatunsidf
                0x00204840                __aeabi_dadd
                0x00204be4                __aeabi_ul2d
                0x0020483c                __aeabi_dsub
                0x00204be4                __floatundidf
                0x00204b78                __aeabi_i2d
                0x00204bf8                __aeabi_l2d
                0x00204ba4                __aeabi_f2d
                0x0020483c                __subdf3
 .text          0x00204c64      0x49c /cygdrive/C/cygwin/GNUARM/bin/../lib/gcc/arm-elf/4.0.2/thumb/interwork/libgcc.a(_muldivdf3.o)
                0x00204ef4                __aeabi_ddiv
                0x00204c64                __aeabi_dmul
                0x00204ef4                __divdf3
                0x00204c64                __muldf3
 .text          0x00205100       0xa0 /cygdrive/C/cygwin/GNUARM/bin/../lib/gcc/arm-elf/4.0.2/thumb/interwork/libgcc.a(_truncdfsf2.o)
                0x00205100                __aeabi_d2f
                0x00205100                __truncdfsf2
 .text          0x002051a0      0x2ac /cygdrive/C/cygwin/GNUARM/bin/../lib/gcc/arm-elf/4.0.2/thumb/interwork/libgcc.a(_addsubsf3.o)
                0x002051ac                __aeabi_fadd
                0x002051a8                __subsf3
                0x00205370                __aeabi_i2f
                0x002051a8                __aeabi_fsub
                0x002053a0                __floatdisf
                0x00205370                __floatsisf
                0x00205390                __floatundisf
                0x00205368                __aeabi_ui2f
                0x002053a0                __aeabi_l2f
                0x00205390                __aeabi_ul2f
                0x002051a0                __aeabi_frsub
                0x00205368                __floatunsisf
                0x002051ac                __addsf3
 .text          0x0020544c       0x5c /cygdrive/C/cygwin/GNUARM/bin/../lib/gcc/arm-elf/4.0.2/thumb/interwork/libgcc.a(_fixsfsi.o)
                0x0020544c                __fixsfsi
                0x0020544c                __aeabi_f2iz
 .text          0x002054a8       0x68 /cygdrive/C/cygwin/GNUARM/bin/../lib/gcc/arm-elf/4.0.2/../../../../arm-elf/lib/thumb/interwork/libc.a(memset.o)
                0x002054a8                memset
 .text          0x00205510       0x60 /cygdrive/C/cygwin/GNUARM/bin/../lib/gcc/arm-elf/4.0.2/../../../../arm-elf/lib/thumb/interwork/libc.a(strcpy.o)
                0x00205510                strcpy
 .text          0x00205570       0x48 /cygdrive/C/cygwin/GNUARM/bin/../lib/gcc/arm-elf/4.0.2/../../../../arm-elf/lib/thumb/interwork/libc.a(strlen.o)
                0x00205570                strlen
 .glue_7        0x002055b8       0x30 /cygdrive/C/cygwin/GNUARM/bin/../lib/gcc/arm-elf/4.0.2/../../../../arm-elf/lib/thumb/interwork/libc.a(strncpy.o)
                0x002055d0                __call_posttaskhook_from_arm
                0x002055b9                __ecrobot_debug1_from_arm
                0x002055c5                __ecrobot_debug2_from_arm
                0x002055dc                __call_pretaskhook_from_arm
 .glue_7t       0x002055e8       0x88 /cygdrive/C/cygwin/GNUARM/bin/../lib/gcc/arm-elf/4.0.2/../../../../arm-elf/lib/thumb/interwork/libc.a(strncpy.o)
                0x00205614                __start_change_to_arm
                0x00205658                __interrupts_get_and_disable_from_thumb
                0x00205651                ____gtdf2_from_thumb
                0x00205608                __exit_and_dispatch_from_thumb
                0x0020561c                ____fixsfsi_change_to_arm
                0x00205618                ____fixsfsi_from_thumb
                0x00205640                ____extendsfdf2_from_thumb
                0x0020560c                __exit_and_dispatch_change_to_arm
                0x002055e8                __disable_int_from_thumb
                0x00205600                __start_dispatch_from_thumb
                0x0020562c                ____divdf3_change_to_arm
                0x00205610                __start_from_thumb
                0x00205630                ____truncdfsf2_from_thumb
                0x0020564c                ____muldf3_change_to_arm
                0x00205628                ____divdf3_from_thumb
                0x002055f0                __enable_int_from_thumb
                0x002055f8                __dispatch_from_thumb
                0x00205664                __interrupts_enable_change_to_arm
                0x0020565c                __interrupts_get_and_disable_change_to_arm
                0x002055fc                __dispatch_change_to_arm
                0x00205654                ____gtdf2_change_to_arm
                0x00205634                ____truncdfsf2_change_to_arm
                0x00205644                ____extendsfdf2_change_to_arm
                0x00205620                ____floatsidf_from_thumb
                0x00205669                __display_bios_status_from_thumb
                0x00205638                ____subsf3_from_thumb
                0x002055ec                __disable_int_change_to_arm
                0x00205648                ____muldf3_from_thumb
                0x0020563c                ____subsf3_change_to_arm
                0x002055f4                __enable_int_change_to_arm
                0x00205624                ____floatsidf_change_to_arm
                0x00205660                __interrupts_enable_from_thumb
                0x0020566c                __display_bios_status_change_to_arm
                0x00205604                __start_dispatch_change_to_arm
                0x00205670                . = ALIGN (0x10)
 *(*.rodata *.rodata.*)
 .rodata.search_table.966
                0x00205670        0xf build/kernel/task.o
 *fill*         0x0020567f        0x1 00
 .rodata.alminib_cycle
                0x00205680        0xc build/./kernel_cfg.o
                0x00205680                alminib_cycle
 .rodata.alminib_almval
                0x0020568c        0xc build/./kernel_cfg.o
                0x0020568c                alminib_almval
 .rodata.alminib_autosta
                0x00205698        0x3 build/./kernel_cfg.o
                0x00205698                alminib_autosta
 *fill*         0x0020569b        0x1 00
 .rodata.alminib_cback
                0x0020569c        0xc build/./kernel_cfg.o
                0x0020569c                alminib_cback
 .rodata.alminib_cntid
                0x002056a8        0x3 build/./kernel_cfg.o
                0x002056a8                alminib_cntid
 *fill*         0x002056ab        0x1 00
 .rodata.cntinib_tickbase
                0x002056ac        0x4 build/./kernel_cfg.o
                0x002056ac                cntinib_tickbase
 .rodata.cntinib_maxval2
                0x002056b0        0x4 build/./kernel_cfg.o
                0x002056b0                cntinib_maxval2
 .rodata.cntinib_maxval
                0x002056b4        0x4 build/./kernel_cfg.o
                0x002056b4                cntinib_maxval
 .rodata.SysTimerCnt
                0x002056b8        0x1 build/./kernel_cfg.o
                0x002056b8                SysTimerCnt
 *fill*         0x002056b9        0x1 00
 .rodata.tinib_stksz
                0x002056ba        0x6 build/./kernel_cfg.o
                0x002056ba                tinib_stksz
 .rodata.tinib_stk
                0x002056c0        0xc build/./kernel_cfg.o
                0x002056c0                tinib_stk
 .rodata.tinib_task
                0x002056cc        0xc build/./kernel_cfg.o
                0x002056cc                tinib_task
 .rodata.tinib_autoact
                0x002056d8        0x3 build/./kernel_cfg.o
                0x002056d8                tinib_autoact
 .rodata.tinib_maxact
                0x002056db        0x3 build/./kernel_cfg.o
                0x002056db                tinib_maxact
 .rodata.tinib_exepri
                0x002056de        0x3 build/./kernel_cfg.o
                0x002056de                tinib_exepri
 .rodata.tinib_inipri
                0x002056e1        0x3 build/./kernel_cfg.o
                0x002056e1                tinib_inipri
 .rodata.tnum_exttask
                0x002056e4        0x1 build/./kernel_cfg.o
                0x002056e4                tnum_exttask
 .rodata.tnum_task
                0x002056e5        0x1 build/./kernel_cfg.o
                0x002056e5                tnum_task
 .rodata.tnum_counter
                0x002056e6        0x1 build/./kernel_cfg.o
                0x002056e6                tnum_counter
 .rodata.tnum_alarm
                0x002056e7        0x1 build/./kernel_cfg.o
                0x002056e7                tnum_alarm
 .rodata.exec_addr
                0x002056e8        0x4 build/ecrobot_base.o
                0x002056e8                exec_addr
 .rodata.str1.4
                0x002056ec       0x80 build/ecrobot_base.o
                0x00205770                . = ALIGN (0x10)
 *fill*         0x0020576c        0x4 00
 *(*.gnu.linkonce.* .gcc_except_table)
                0x00205770                . = ALIGN (0x10)

.tors           0x00205770        0x0
                0x00205770                . = ALIGN (0x10)
                0x00205770                __ctor_begin = .
 *(*.ctors*)
                0x00205770                __ctor_end = .
                0x00205770                . = ALIGN (0x10)
                0x00205770                __dtor_begin = .
 *(*.dtors*)
                0x00205770                __dtor_end = .
                0x00205770                . = ALIGN (0x10)

.bss            0x00205770     0x144c
 *(*.bss *.bss.*)
 .bss.ready_primap
                0x00205770        0x2 build/kernel/task.o
 .bss.ready_queue_last
                0x00205772       0x10 build/kernel/task.o
 .bss.ready_queue_first
                0x00205782       0x10 build/kernel/task.o
 *fill*         0x00205792        0x2 00
 .bss._stack_TouchSensorTask
                0x00205794      0x200 build/./kernel_cfg.o
 .bss._stack_DisplayTask
                0x00205994      0x200 build/./kernel_cfg.o
 .bss._stack_ActionTask
                0x00205b94      0x200 build/./kernel_cfg.o
 .bss.status_bar_position
                0x00205d94        0x4 build/ecrobot_base.o
 .bss.last_act_time.2742
                0x00205d98        0x4 build/ecrobot_base.o
 .bss.lcd.2671  0x00205d9c      0x320 build/ecrobot_base.o
 .bss.OS_flag   0x002060bc        0x4 build/ecrobot_base.o
 .bss.status_bar
                0x002060c0       0x10 build/ecrobot_base.o
 .bss.robot_angle
                0x002060d0        0x4 build/./SE_Robot.o
                0x002060d0                robot_angle
 .bss.mt_n_R    0x002060d4        0x4 build/./SE_Robot.o
                0x002060d4                mt_n_R
 .bss.mt_n_L    0x002060d8        0x4 build/./SE_Robot.o
                0x002060d8                mt_n_L
 .bss.buttons_i
                0x002060dc        0x4 ../ecrobot/../ecrobot/libecrobot.a(ecrobot_interface.o)
 .bss.buttons_states
                0x002060e0       0x14 ../ecrobot/../ecrobot/libecrobot.a(ecrobot_interface.o)
 .bss.ecrobot_inputs
                0x002060f4        0x8 ../ecrobot/../ecrobot/libecrobot.a(ecrobot_interface.o)
 .bss.systick_ms
                0x002060fc        0x4 ../ecrobot/../ecrobot/libecrobot.a(systick.oram)
 .bss.delayedEnable
                0x00206100        0x1 ../ecrobot/../ecrobot/libecrobot.a(udp.oram)
 *fill*         0x00206101        0x3 00
 .bss.outCnt    0x00206104        0x4 ../ecrobot/../ecrobot/libecrobot.a(udp.oram)
 .bss.outPtr    0x00206108        0x4 ../ecrobot/../ecrobot/libecrobot.a(udp.oram)
 .bss.newAddress
                0x0020610c        0x4 ../ecrobot/../ecrobot/libecrobot.a(udp.oram)
 .bss.currentRxBank
                0x00206110        0x4 ../ecrobot/../ecrobot/libecrobot.a(udp.oram)
 .bss.currentFeatures
                0x00206114        0x4 ../ecrobot/../ecrobot/libecrobot.a(udp.oram)
 .bss.currentConfig
                0x00206118        0x1 ../ecrobot/../ecrobot/libecrobot.a(udp.oram)
 *fill*         0x00206119        0x3 00
 .bss.twi_mask  0x0020611c        0x4 ../ecrobot/../ecrobot/libecrobot.a(twi.oram)
 .bss.twi_ptr   0x00206120        0x4 ../ecrobot/../ecrobot/libecrobot.a(twi.oram)
 .bss.twi_pending
                0x00206124        0x4 ../ecrobot/../ecrobot/libecrobot.a(twi.oram)
 .bss.twi_state
                0x00206128        0x4 ../ecrobot/../ecrobot/libecrobot.a(twi.oram)
 .bss.page      0x0020612c        0x1 ../ecrobot/../ecrobot/libecrobot.a(nxt_spi.oram)
                0x0020612c                page
 .bss.dirty     0x0020612d        0x1 ../ecrobot/../ecrobot/libecrobot.a(nxt_spi.oram)
                0x0020612d                dirty
 *fill*         0x0020612e        0x2 00
 .bss.display   0x00206130        0x4 ../ecrobot/../ecrobot/libecrobot.a(nxt_spi.oram)
                0x00206130                display
 .bss.interrupts_this_period
                0x00206134        0x4 ../ecrobot/../ecrobot/libecrobot.a(nxt_motors.oram)
 .bss.nxt_motor_initialised
                0x00206138        0x4 ../ecrobot/../ecrobot/libecrobot.a(nxt_motors.oram)
 .bss.motor     0x0020613c       0x30 ../ecrobot/../ecrobot/libecrobot.a(nxt_motors.oram)
 .bss.display_tick
                0x0020616c        0x4 ../ecrobot/../ecrobot/libecrobot.a(display.oram)
                0x0020616c                display_tick
 .bss.display_array
                0x00206170      0x388 ../ecrobot/../ecrobot/libecrobot.a(display.oram)
 .bss.i2c_int_count
                0x002064f8        0x4 ../ecrobot/../ecrobot/libecrobot.a(i2c.oram)
 .bss.i2c_port  0x002064fc      0x170 ../ecrobot/../ecrobot/libecrobot.a(i2c.oram)
 .bss.sound_mode
                0x0020666c        0x1 ../ecrobot/../ecrobot/libecrobot.a(sound.oram)
                0x0020666c                sound_mode
 *fill*         0x0020666d        0x3 00
 .bss.in_buf_idx
                0x00206670        0x4 ../ecrobot/../ecrobot/libecrobot.a(bt.oram)
 .bss.buf_ptr   0x00206674        0x4 ../ecrobot/../ecrobot/libecrobot.a(bt.oram)
 .bss.out_buf_ptr
                0x00206678        0x1 ../ecrobot/../ecrobot/libecrobot.a(bt.oram)
 .bss.in_buf_in_ptr
                0x00206679        0x1 ../ecrobot/../ecrobot/libecrobot.a(bt.oram)
 .bss.in_buf    0x0020667a      0x100 ../ecrobot/../ecrobot/libecrobot.a(bt.oram)
 *fill*         0x0020677a        0x2 00
 .bss.link_state
                0x0020677c        0x4 ../ecrobot/../ecrobot/libecrobot.a(nxt_avr.oram)
 .bss.update_count
                0x00206780        0x4 ../ecrobot/../ecrobot/libecrobot.a(nxt_avr.oram)
 .bss.nxt_avr_stats
                0x00206784       0x14 ../ecrobot/../ecrobot/libecrobot.a(nxt_avr.oram)
 .bss.debounce_cnt
                0x00206798        0x2 ../ecrobot/../ecrobot/libecrobot.a(nxt_avr.oram)
 .bss.debounce_state
                0x0020679a        0x2 ../ecrobot/../ecrobot/libecrobot.a(nxt_avr.oram)
 .bss.button_state
                0x0020679c        0x2 ../ecrobot/../ecrobot/libecrobot.a(nxt_avr.oram)
 .bss.prev_buttons
                0x0020679e        0x2 ../ecrobot/../ecrobot/libecrobot.a(nxt_avr.oram)
 .bss.from_buf  0x002067a0        0x4 ../ecrobot/../ecrobot/libecrobot.a(nxt_avr.oram)
 .bss.io_from_avr
                0x002067a4        0x4 ../ecrobot/../ecrobot/libecrobot.a(nxt_avr.oram)
 .bss.data_from_avr
                0x002067a8       0x1a ../ecrobot/../ecrobot/libecrobot.a(nxt_avr.oram)
 .bss.data_to_avr
                0x002067c2        0x9 ../ecrobot/../ecrobot/libecrobot.a(nxt_avr.oram)
 .bss.io_to_avr
                0x002067cb        0x8 ../ecrobot/../ecrobot/libecrobot.a(nxt_avr.oram)
 *fill*         0x002067d3        0x1 00
 .bss.display   0x002067d4        0x4 ../ecrobot/../ecrobot/libecrobot.a(nxt_lcd.oram)
                0x002067e0                . = ALIGN (0x10)
 *fill*         0x002067d8        0x8 00
                0x002067e0                __bss_end__ = .
 COMMON         0x002067e0        0x2 build/kernel/interrupt.o
                0x002067e0                runisr
                0x002067e1                sus_all_cnt
 *fill*         0x002067e2        0x2 00
 COMMON         0x002067e4       0x10 build/kernel/osctl.o
                0x002067e4                callevel
                0x002067e5                _errorhook_svcid
                0x002067e6                appmode
                0x002067e8                _errorhook_par1
                0x002067ec                _errorhook_par3
                0x002067f0                _errorhook_par2
 COMMON         0x002067f4        0x3 build/kernel/task.o
                0x002067f4                runtsk
                0x002067f5                schedtsk
                0x002067f6                nextpri
 *fill*         0x002067f7        0x1 00
 COMMON         0x002067f8       0x58 build/./kernel_cfg.o
                0x002067f8                tcb_waievt
                0x002067fc                rescb_prevpri
                0x002067fd                almcb_prev
                0x00206800                tcb_lastres
                0x00206804                almcb_almval
                0x00206810                tcxb_pc
                0x0020681c                tcb_next
                0x0020681f                tcb_curpri
                0x00206822                tcb_tstat
                0x00206825                isrcb_lastres
                0x00206826                cntcb_almque
                0x00206827                rescb_prevres
                0x00206828                tcb_actcnt
                0x0020682c                tcb_curevt
                0x00206830                almcb_cycle
                0x0020683c                tcxb_sp
                0x00206848                almcb_next
                0x0020684c                cntcb_curval
 COMMON         0x00206850       0x44 ../ecrobot/../ecrobot/libecrobot.a(uart.oram)
                0x00206850                uart
 COMMON         0x00206894        0x4 ../ecrobot/../ecrobot/libecrobot.a(data_abort.oram)
                0x00206894                data_abort_pc
 COMMON         0x00206898        0x8 ../ecrobot/../ecrobot/libecrobot.a(display.oram)
                0x00206898                display_x
                0x0020689c                display_y
 COMMON         0x002068a0      0x31c ../ecrobot/../ecrobot/libecrobot.a(sound.oram)
                0x002068a0                sample
                0x00205770                __bss_start__ = ADDR (.bss)
                0x00206bbc                __bss_end__ = (ADDR (.bss) + SIZEOF (.bss))
                0x00206bbc                PROVIDE (end, .)

.heap_area      0x00206bbc     0x8fbc
                0x0020fb78                . = (. + (0x20fb78 - end))
 *fill*         0x00206bbc     0x8fbc 00

.stack          0x0020fb78      0x488
                0x0020fbf8                . = (. + 0x80)
 *fill*         0x0020fb78       0x80 00
                0x0020fc00                . = ALIGN (0x10)
 *fill*         0x0020fbf8        0x8 00
                0x0020fc00                __irq_stack__ = .
                0x0020fc00                __system_stack_bottom__ = .
                0x00210000                . = (. + 0x400)
 *fill*         0x0020fc00      0x400 00
                0x00210000                . = ALIGN (0x10)
                0x00210000                __system_stack__ = .
                0x00210000                __system_stack_top__ = .
                0x0020fb78                __stack_start__ = ADDR (.stack)
                0x00210000                __stack_end__ = (ADDR (.stack) + SIZEOF (.stack))
OUTPUT(SE_Robot_rxe.elf elf32-littlearm)

.comment        0x00000000      0x360
 .comment       0x00000000       0x12 build/kernel/alarm.o
 .comment       0x00000012       0x12 build/kernel/event.o
 .comment       0x00000024       0x12 build/kernel/interrupt.o
 .comment       0x00000036       0x12 build/kernel/osctl.o
 .comment       0x00000048       0x12 build/kernel/resource.o
 .comment       0x0000005a       0x12 build/kernel/task.o
 .comment       0x0000006c       0x12 build/kernel/task_manage.o
 .comment       0x0000007e       0x12 build/config/at91sam7s-gnu/cpu_config.o
 .comment       0x00000090       0x12 build/config/at91sam7s-gnu/lego_nxt/sys_config.o
 .comment       0x000000a2       0x12 build/./kernel_cfg.o
 .comment       0x000000b4       0x12 build/syscalls.o
 .comment       0x000000c6       0x12 build/ecrobot_bluetooth.o
 .comment       0x000000d8       0x12 build/ecrobot_base.o
 .comment       0x000000ea       0x12 build/ecrobot.o
 .comment       0x000000fc       0x12 build/./SE_Robot.o
 .comment       0x0000010e       0x12 build/syslib/at91sam7s-gnu/lego_nxt/hw_sys_timer.oram
 .comment       0x00000120       0x12 ../ecrobot/../ecrobot/libecrobot.a(ecrobot_interface.o)
 .comment       0x00000132       0x12 ../ecrobot/../ecrobot/libecrobot.a(colorsensor.o)
 .comment       0x00000144       0x12 ../ecrobot/../ecrobot/libecrobot.a(osek_hook.o)
 .comment       0x00000156       0x12 ../ecrobot/../ecrobot/libecrobot.a(uart.oram)
 .comment       0x00000168       0x12 ../ecrobot/../ecrobot/libecrobot.a(systick.oram)
 .comment       0x0000017a       0x12 ../ecrobot/../ecrobot/libecrobot.a(byte_fifo.oram)
 .comment       0x0000018c       0x12 ../ecrobot/../ecrobot/libecrobot.a(aic.oram)
 .comment       0x0000019e       0x12 ../ecrobot/../ecrobot/libecrobot.a(udp.oram)
 .comment       0x000001b0       0x12 ../ecrobot/../ecrobot/libecrobot.a(twi.oram)
 .comment       0x000001c2       0x12 ../ecrobot/../ecrobot/libecrobot.a(nxt_spi.oram)
 .comment       0x000001d4       0x12 ../ecrobot/../ecrobot/libecrobot.a(nxt_motors.oram)
 .comment       0x000001e6       0x12 ../ecrobot/../ecrobot/libecrobot.a(data_abort.oram)
 .comment       0x000001f8       0x12 ../ecrobot/../ecrobot/libecrobot.a(display.oram)
 .comment       0x0000020a       0x12 ../ecrobot/../ecrobot/libecrobot.a(i2c.oram)
 .comment       0x0000021c       0x12 ../ecrobot/../ecrobot/libecrobot.a(sound.oram)
 .comment       0x0000022e       0x12 ../ecrobot/../ecrobot/libecrobot.a(bt.oram)
 .comment       0x00000240       0x12 ../ecrobot/../ecrobot/libecrobot.a(nxt_avr.oram)
 .comment       0x00000252       0x12 ../ecrobot/../ecrobot/libecrobot.a(sensors.oram)
 .comment       0x00000264       0x12 ../ecrobot/../ecrobot/libecrobot.a(sensors1.oram)
 .comment       0x00000276       0x12 ../ecrobot/../ecrobot/libecrobot.a(nxt_lcd.oram)
 .comment       0x00000288       0x12 ../ecrobot/../ecrobot/libecrobot.a(flash_loader.oram)
 .comment       0x0000029a       0x12 ../ecrobot/../ecrobot/libecrobot.a(ecrobot_usb.o)
 .comment       0x000002ac       0x12 ../ecrobot/../ecrobot/libecrobot.a(flashprog.oram)
 .comment       0x000002be       0x12 /cygdrive/C/cygwin/GNUARM/bin/../lib/gcc/arm-elf/4.0.2/thumb/interwork/libgcc.a(_muldi3.o)
 .comment       0x000002d0       0x12 /cygdrive/C/cygwin/GNUARM/bin/../lib/gcc/arm-elf/4.0.2/thumb/interwork/libgcc.a(_divdi3.o)
 .comment       0x000002e2       0x12 /cygdrive/C/cygwin/GNUARM/bin/../lib/gcc/arm-elf/4.0.2/thumb/interwork/libgcc.a(_clz.o)
 .comment       0x000002f4       0x12 /cygdrive/C/cygwin/GNUARM/bin/../lib/gcc/arm-elf/4.0.2/../../../../arm-elf/lib/thumb/interwork/libc.a(memcpy.o)
 .comment       0x00000306       0x12 /cygdrive/C/cygwin/GNUARM/bin/../lib/gcc/arm-elf/4.0.2/../../../../arm-elf/lib/thumb/interwork/libc.a(memset.o)
 .comment       0x00000318       0x12 /cygdrive/C/cygwin/GNUARM/bin/../lib/gcc/arm-elf/4.0.2/../../../../arm-elf/lib/thumb/interwork/libc.a(strcmp.o)
 .comment       0x0000032a       0x12 /cygdrive/C/cygwin/GNUARM/bin/../lib/gcc/arm-elf/4.0.2/../../../../arm-elf/lib/thumb/interwork/libc.a(strcpy.o)
 .comment       0x0000033c       0x12 /cygdrive/C/cygwin/GNUARM/bin/../lib/gcc/arm-elf/4.0.2/../../../../arm-elf/lib/thumb/interwork/libc.a(strlen.o)
 .comment       0x0000034e       0x12 /cygdrive/C/cygwin/GNUARM/bin/../lib/gcc/arm-elf/4.0.2/../../../../arm-elf/lib/thumb/interwork/libc.a(strncpy.o)

.debug_line     0x00000000      0xd76
 .debug_line    0x00000000       0x70 /cygdrive/C/cygwin/GNUARM/bin/../lib/gcc/arm-elf/4.0.2/thumb/interwork/libgcc.a(_udivsi3.o)
 .debug_line    0x00000070       0x7c /cygdrive/C/cygwin/GNUARM/bin/../lib/gcc/arm-elf/4.0.2/thumb/interwork/libgcc.a(_divsi3.o)
 .debug_line    0x000000ec       0x68 /cygdrive/C/cygwin/GNUARM/bin/../lib/gcc/arm-elf/4.0.2/thumb/interwork/libgcc.a(_umodsi3.o)
 .debug_line    0x00000154       0x71 /cygdrive/C/cygwin/GNUARM/bin/../lib/gcc/arm-elf/4.0.2/thumb/interwork/libgcc.a(_modsi3.o)
 .debug_line    0x000001c5       0x5a /cygdrive/C/cygwin/GNUARM/bin/../lib/gcc/arm-elf/4.0.2/thumb/interwork/libgcc.a(_dvmd_tls.o)
 .debug_line    0x0000021f      0x162 /cygdrive/C/cygwin/GNUARM/bin/../lib/gcc/arm-elf/4.0.2/thumb/interwork/libgcc.a(_addsubdf3.o)
 .debug_line    0x00000381      0x177 /cygdrive/C/cygwin/GNUARM/bin/../lib/gcc/arm-elf/4.0.2/thumb/interwork/libgcc.a(_muldivdf3.o)
 .debug_line    0x000004f8       0xa4 /cygdrive/C/cygwin/GNUARM/bin/../lib/gcc/arm-elf/4.0.2/thumb/interwork/libgcc.a(_cmpdf2.o)
 .debug_line    0x0000059c       0x80 /cygdrive/C/cygwin/GNUARM/bin/../lib/gcc/arm-elf/4.0.2/thumb/interwork/libgcc.a(_truncdfsf2.o)
 .debug_line    0x0000061c      0x110 /cygdrive/C/cygwin/GNUARM/bin/../lib/gcc/arm-elf/4.0.2/thumb/interwork/libgcc.a(_addsubsf3.o)
 .debug_line    0x0000072c       0x6f /cygdrive/C/cygwin/GNUARM/bin/../lib/gcc/arm-elf/4.0.2/thumb/interwork/libgcc.a(_fixsfsi.o)
 .debug_line    0x0000079b       0x61 /cygdrive/C/cygwin/GNUARM/bin/../lib/gcc/arm-elf/4.0.2/thumb/interwork/libgcc.a(_muldi3.o)
 .debug_line    0x000007fc      0x122 /cygdrive/C/cygwin/GNUARM/bin/../lib/gcc/arm-elf/4.0.2/thumb/interwork/libgcc.a(_divdi3.o)
 .debug_line    0x0000091e       0x48 /cygdrive/C/cygwin/GNUARM/bin/../lib/gcc/arm-elf/4.0.2/thumb/interwork/libgcc.a(_clz.o)
 .debug_line    0x00000966       0xc3 /cygdrive/C/cygwin/GNUARM/bin/../lib/gcc/arm-elf/4.0.2/../../../../arm-elf/lib/thumb/interwork/libc.a(memcpy.o)
 .debug_line    0x00000a29       0xd4 /cygdrive/C/cygwin/GNUARM/bin/../lib/gcc/arm-elf/4.0.2/../../../../arm-elf/lib/thumb/interwork/libc.a(memset.o)
 .debug_line    0x00000afd       0x88 /cygdrive/C/cygwin/GNUARM/bin/../lib/gcc/arm-elf/4.0.2/../../../../arm-elf/lib/thumb/interwork/libc.a(strcmp.o)
 .debug_line    0x00000b85       0x80 /cygdrive/C/cygwin/GNUARM/bin/../lib/gcc/arm-elf/4.0.2/../../../../arm-elf/lib/thumb/interwork/libc.a(strcpy.o)
 .debug_line    0x00000c05       0xaf /cygdrive/C/cygwin/GNUARM/bin/../lib/gcc/arm-elf/4.0.2/../../../../arm-elf/lib/thumb/interwork/libc.a(strlen.o)
 .debug_line    0x00000cb4       0xc2 /cygdrive/C/cygwin/GNUARM/bin/../lib/gcc/arm-elf/4.0.2/../../../../arm-elf/lib/thumb/interwork/libc.a(strncpy.o)

.debug_info     0x00000000     0x14b5
 .debug_info    0x00000000       0x6a /cygdrive/C/cygwin/GNUARM/bin/../lib/gcc/arm-elf/4.0.2/thumb/interwork/libgcc.a(_udivsi3.o)
 .debug_info    0x0000006a       0x6a /cygdrive/C/cygwin/GNUARM/bin/../lib/gcc/arm-elf/4.0.2/thumb/interwork/libgcc.a(_divsi3.o)
 .debug_info    0x000000d4       0x6a /cygdrive/C/cygwin/GNUARM/bin/../lib/gcc/arm-elf/4.0.2/thumb/interwork/libgcc.a(_umodsi3.o)
 .debug_info    0x0000013e       0x6a /cygdrive/C/cygwin/GNUARM/bin/../lib/gcc/arm-elf/4.0.2/thumb/interwork/libgcc.a(_modsi3.o)
 .debug_info    0x000001a8       0x6a /cygdrive/C/cygwin/GNUARM/bin/../lib/gcc/arm-elf/4.0.2/thumb/interwork/libgcc.a(_dvmd_tls.o)
 .debug_info    0x00000212       0x69 /cygdrive/C/cygwin/GNUARM/bin/../lib/gcc/arm-elf/4.0.2/thumb/interwork/libgcc.a(_addsubdf3.o)
 .debug_info    0x0000027b       0x69 /cygdrive/C/cygwin/GNUARM/bin/../lib/gcc/arm-elf/4.0.2/thumb/interwork/libgcc.a(_muldivdf3.o)
 .debug_info    0x000002e4       0x69 /cygdrive/C/cygwin/GNUARM/bin/../lib/gcc/arm-elf/4.0.2/thumb/interwork/libgcc.a(_cmpdf2.o)
 .debug_info    0x0000034d       0x69 /cygdrive/C/cygwin/GNUARM/bin/../lib/gcc/arm-elf/4.0.2/thumb/interwork/libgcc.a(_truncdfsf2.o)
 .debug_info    0x000003b6       0x69 /cygdrive/C/cygwin/GNUARM/bin/../lib/gcc/arm-elf/4.0.2/thumb/interwork/libgcc.a(_addsubsf3.o)
 .debug_info    0x0000041f       0x69 /cygdrive/C/cygwin/GNUARM/bin/../lib/gcc/arm-elf/4.0.2/thumb/interwork/libgcc.a(_fixsfsi.o)
 .debug_info    0x00000488      0x20e /cygdrive/C/cygwin/GNUARM/bin/../lib/gcc/arm-elf/4.0.2/thumb/interwork/libgcc.a(_muldi3.o)
 .debug_info    0x00000696      0x758 /cygdrive/C/cygwin/GNUARM/bin/../lib/gcc/arm-elf/4.0.2/thumb/interwork/libgcc.a(_divdi3.o)
 .debug_info    0x00000dee       0xc9 /cygdrive/C/cygwin/GNUARM/bin/../lib/gcc/arm-elf/4.0.2/thumb/interwork/libgcc.a(_clz.o)
 .debug_info    0x00000eb7      0x10d /cygdrive/C/cygwin/GNUARM/bin/../lib/gcc/arm-elf/4.0.2/../../../../arm-elf/lib/thumb/interwork/libc.a(memcpy.o)
 .debug_info    0x00000fc4      0x111 /cygdrive/C/cygwin/GNUARM/bin/../lib/gcc/arm-elf/4.0.2/../../../../arm-elf/lib/thumb/interwork/libc.a(memset.o)
 .debug_info    0x000010d5       0xd9 /cygdrive/C/cygwin/GNUARM/bin/../lib/gcc/arm-elf/4.0.2/../../../../arm-elf/lib/thumb/interwork/libc.a(strcmp.o)
 .debug_info    0x000011ae      0x10c /cygdrive/C/cygwin/GNUARM/bin/../lib/gcc/arm-elf/4.0.2/../../../../arm-elf/lib/thumb/interwork/libc.a(strcpy.o)
 .debug_info    0x000012ba       0xd5 /cygdrive/C/cygwin/GNUARM/bin/../lib/gcc/arm-elf/4.0.2/../../../../arm-elf/lib/thumb/interwork/libc.a(strlen.o)
 .debug_info    0x0000138f      0x126 /cygdrive/C/cygwin/GNUARM/bin/../lib/gcc/arm-elf/4.0.2/../../../../arm-elf/lib/thumb/interwork/libc.a(strncpy.o)

.debug_abbrev   0x00000000      0x6d9
 .debug_abbrev  0x00000000       0x14 /cygdrive/C/cygwin/GNUARM/bin/../lib/gcc/arm-elf/4.0.2/thumb/interwork/libgcc.a(_udivsi3.o)
 .debug_abbrev  0x00000014       0x14 /cygdrive/C/cygwin/GNUARM/bin/../lib/gcc/arm-elf/4.0.2/thumb/interwork/libgcc.a(_divsi3.o)
 .debug_abbrev  0x00000028       0x14 /cygdrive/C/cygwin/GNUARM/bin/../lib/gcc/arm-elf/4.0.2/thumb/interwork/libgcc.a(_umodsi3.o)
 .debug_abbrev  0x0000003c       0x14 /cygdrive/C/cygwin/GNUARM/bin/../lib/gcc/arm-elf/4.0.2/thumb/interwork/libgcc.a(_modsi3.o)
 .debug_abbrev  0x00000050       0x14 /cygdrive/C/cygwin/GNUARM/bin/../lib/gcc/arm-elf/4.0.2/thumb/interwork/libgcc.a(_dvmd_tls.o)
 .debug_abbrev  0x00000064       0x14 /cygdrive/C/cygwin/GNUARM/bin/../lib/gcc/arm-elf/4.0.2/thumb/interwork/libgcc.a(_addsubdf3.o)
 .debug_abbrev  0x00000078       0x14 /cygdrive/C/cygwin/GNUARM/bin/../lib/gcc/arm-elf/4.0.2/thumb/interwork/libgcc.a(_muldivdf3.o)
 .debug_abbrev  0x0000008c       0x14 /cygdrive/C/cygwin/GNUARM/bin/../lib/gcc/arm-elf/4.0.2/thumb/interwork/libgcc.a(_cmpdf2.o)
 .debug_abbrev  0x000000a0       0x14 /cygdrive/C/cygwin/GNUARM/bin/../lib/gcc/arm-elf/4.0.2/thumb/interwork/libgcc.a(_truncdfsf2.o)
 .debug_abbrev  0x000000b4       0x14 /cygdrive/C/cygwin/GNUARM/bin/../lib/gcc/arm-elf/4.0.2/thumb/interwork/libgcc.a(_addsubsf3.o)
 .debug_abbrev  0x000000c8       0x14 /cygdrive/C/cygwin/GNUARM/bin/../lib/gcc/arm-elf/4.0.2/thumb/interwork/libgcc.a(_fixsfsi.o)
 .debug_abbrev  0x000000dc       0xec /cygdrive/C/cygwin/GNUARM/bin/../lib/gcc/arm-elf/4.0.2/thumb/interwork/libgcc.a(_muldi3.o)
 .debug_abbrev  0x000001c8      0x174 /cygdrive/C/cygwin/GNUARM/bin/../lib/gcc/arm-elf/4.0.2/thumb/interwork/libgcc.a(_divdi3.o)
 .debug_abbrev  0x0000033c       0x61 /cygdrive/C/cygwin/GNUARM/bin/../lib/gcc/arm-elf/4.0.2/thumb/interwork/libgcc.a(_clz.o)
 .debug_abbrev  0x0000039d       0x99 /cygdrive/C/cygwin/GNUARM/bin/../lib/gcc/arm-elf/4.0.2/../../../../arm-elf/lib/thumb/interwork/libc.a(memcpy.o)
 .debug_abbrev  0x00000436       0x9a /cygdrive/C/cygwin/GNUARM/bin/../lib/gcc/arm-elf/4.0.2/../../../../arm-elf/lib/thumb/interwork/libc.a(memset.o)
 .debug_abbrev  0x000004d0       0x71 /cygdrive/C/cygwin/GNUARM/bin/../lib/gcc/arm-elf/4.0.2/../../../../arm-elf/lib/thumb/interwork/libc.a(strcmp.o)
 .debug_abbrev  0x00000541       0x80 /cygdrive/C/cygwin/GNUARM/bin/../lib/gcc/arm-elf/4.0.2/../../../../arm-elf/lib/thumb/interwork/libc.a(strcpy.o)
 .debug_abbrev  0x000005c1       0x8b /cygdrive/C/cygwin/GNUARM/bin/../lib/gcc/arm-elf/4.0.2/../../../../arm-elf/lib/thumb/interwork/libc.a(strlen.o)
 .debug_abbrev  0x0000064c       0x8d /cygdrive/C/cygwin/GNUARM/bin/../lib/gcc/arm-elf/4.0.2/../../../../arm-elf/lib/thumb/interwork/libc.a(strncpy.o)

.debug_aranges  0x00000000      0x260
 .debug_aranges
                0x00000000       0x20 /cygdrive/C/cygwin/GNUARM/bin/../lib/gcc/arm-elf/4.0.2/thumb/interwork/libgcc.a(_udivsi3.o)
 .debug_aranges
                0x00000020       0x20 /cygdrive/C/cygwin/GNUARM/bin/../lib/gcc/arm-elf/4.0.2/thumb/interwork/libgcc.a(_divsi3.o)
 .debug_aranges
                0x00000040       0x20 /cygdrive/C/cygwin/GNUARM/bin/../lib/gcc/arm-elf/4.0.2/thumb/interwork/libgcc.a(_umodsi3.o)
 .debug_aranges
                0x00000060       0x20 /cygdrive/C/cygwin/GNUARM/bin/../lib/gcc/arm-elf/4.0.2/thumb/interwork/libgcc.a(_modsi3.o)
 .debug_aranges
                0x00000080       0x20 /cygdrive/C/cygwin/GNUARM/bin/../lib/gcc/arm-elf/4.0.2/thumb/interwork/libgcc.a(_dvmd_tls.o)
 .debug_aranges
                0x000000a0       0x20 /cygdrive/C/cygwin/GNUARM/bin/../lib/gcc/arm-elf/4.0.2/thumb/interwork/libgcc.a(_addsubdf3.o)
 .debug_aranges
                0x000000c0       0x20 /cygdrive/C/cygwin/GNUARM/bin/../lib/gcc/arm-elf/4.0.2/thumb/interwork/libgcc.a(_muldivdf3.o)
 .debug_aranges
                0x000000e0       0x20 /cygdrive/C/cygwin/GNUARM/bin/../lib/gcc/arm-elf/4.0.2/thumb/interwork/libgcc.a(_cmpdf2.o)
 .debug_aranges
                0x00000100       0x20 /cygdrive/C/cygwin/GNUARM/bin/../lib/gcc/arm-elf/4.0.2/thumb/interwork/libgcc.a(_truncdfsf2.o)
 .debug_aranges
                0x00000120       0x20 /cygdrive/C/cygwin/GNUARM/bin/../lib/gcc/arm-elf/4.0.2/thumb/interwork/libgcc.a(_addsubsf3.o)
 .debug_aranges
                0x00000140       0x20 /cygdrive/C/cygwin/GNUARM/bin/../lib/gcc/arm-elf/4.0.2/thumb/interwork/libgcc.a(_fixsfsi.o)
 .debug_aranges
                0x00000160       0x20 /cygdrive/C/cygwin/GNUARM/bin/../lib/gcc/arm-elf/4.0.2/thumb/interwork/libgcc.a(_muldi3.o)
 .debug_aranges
                0x00000180       0x20 /cygdrive/C/cygwin/GNUARM/bin/../lib/gcc/arm-elf/4.0.2/thumb/interwork/libgcc.a(_divdi3.o)
 .debug_aranges
                0x000001a0       0x20 /cygdrive/C/cygwin/GNUARM/bin/../lib/gcc/arm-elf/4.0.2/../../../../arm-elf/lib/thumb/interwork/libc.a(memcpy.o)
 .debug_aranges
                0x000001c0       0x20 /cygdrive/C/cygwin/GNUARM/bin/../lib/gcc/arm-elf/4.0.2/../../../../arm-elf/lib/thumb/interwork/libc.a(memset.o)
 .debug_aranges
                0x000001e0       0x20 /cygdrive/C/cygwin/GNUARM/bin/../lib/gcc/arm-elf/4.0.2/../../../../arm-elf/lib/thumb/interwork/libc.a(strcmp.o)
 .debug_aranges
                0x00000200       0x20 /cygdrive/C/cygwin/GNUARM/bin/../lib/gcc/arm-elf/4.0.2/../../../../arm-elf/lib/thumb/interwork/libc.a(strcpy.o)
 .debug_aranges
                0x00000220       0x20 /cygdrive/C/cygwin/GNUARM/bin/../lib/gcc/arm-elf/4.0.2/../../../../arm-elf/lib/thumb/interwork/libc.a(strlen.o)
 .debug_aranges
                0x00000240       0x20 /cygdrive/C/cygwin/GNUARM/bin/../lib/gcc/arm-elf/4.0.2/../../../../arm-elf/lib/thumb/interwork/libc.a(strncpy.o)

.debug_frame    0x00000000      0x180
 .debug_frame   0x00000000       0x38 /cygdrive/C/cygwin/GNUARM/bin/../lib/gcc/arm-elf/4.0.2/thumb/interwork/libgcc.a(_muldi3.o)
 .debug_frame   0x00000038       0x3c /cygdrive/C/cygwin/GNUARM/bin/../lib/gcc/arm-elf/4.0.2/thumb/interwork/libgcc.a(_divdi3.o)
 .debug_frame   0x00000074       0x2c /cygdrive/C/cygwin/GNUARM/bin/../lib/gcc/arm-elf/4.0.2/../../../../arm-elf/lib/thumb/interwork/libc.a(memcpy.o)
 .debug_frame   0x000000a0       0x2c /cygdrive/C/cygwin/GNUARM/bin/../lib/gcc/arm-elf/4.0.2/../../../../arm-elf/lib/thumb/interwork/libc.a(memset.o)
 .debug_frame   0x000000cc       0x2c /cygdrive/C/cygwin/GNUARM/bin/../lib/gcc/arm-elf/4.0.2/../../../../arm-elf/lib/thumb/interwork/libc.a(strcmp.o)
 .debug_frame   0x000000f8       0x2c /cygdrive/C/cygwin/GNUARM/bin/../lib/gcc/arm-elf/4.0.2/../../../../arm-elf/lib/thumb/interwork/libc.a(strcpy.o)
 .debug_frame   0x00000124       0x2c /cygdrive/C/cygwin/GNUARM/bin/../lib/gcc/arm-elf/4.0.2/../../../../arm-elf/lib/thumb/interwork/libc.a(strlen.o)
 .debug_frame   0x00000150       0x30 /cygdrive/C/cygwin/GNUARM/bin/../lib/gcc/arm-elf/4.0.2/../../../../arm-elf/lib/thumb/interwork/libc.a(strncpy.o)

.debug_loc      0x00000000     0x13c0
 .debug_loc     0x00000000      0x156 /cygdrive/C/cygwin/GNUARM/bin/../lib/gcc/arm-elf/4.0.2/thumb/interwork/libgcc.a(_muldi3.o)
 .debug_loc     0x00000156      0xd45 /cygdrive/C/cygwin/GNUARM/bin/../lib/gcc/arm-elf/4.0.2/thumb/interwork/libgcc.a(_divdi3.o)
 .debug_loc     0x00000e9b      0x127 /cygdrive/C/cygwin/GNUARM/bin/../lib/gcc/arm-elf/4.0.2/../../../../arm-elf/lib/thumb/interwork/libc.a(memcpy.o)
 .debug_loc     0x00000fc2      0x12a /cygdrive/C/cygwin/GNUARM/bin/../lib/gcc/arm-elf/4.0.2/../../../../arm-elf/lib/thumb/interwork/libc.a(memset.o)
 .debug_loc     0x000010ec       0x8e /cygdrive/C/cygwin/GNUARM/bin/../lib/gcc/arm-elf/4.0.2/../../../../arm-elf/lib/thumb/interwork/libc.a(strcmp.o)
 .debug_loc     0x0000117a       0xb4 /cygdrive/C/cygwin/GNUARM/bin/../lib/gcc/arm-elf/4.0.2/../../../../arm-elf/lib/thumb/interwork/libc.a(strcpy.o)
 .debug_loc     0x0000122e       0x3c /cygdrive/C/cygwin/GNUARM/bin/../lib/gcc/arm-elf/4.0.2/../../../../arm-elf/lib/thumb/interwork/libc.a(strlen.o)
 .debug_loc     0x0000126a      0x156 /cygdrive/C/cygwin/GNUARM/bin/../lib/gcc/arm-elf/4.0.2/../../../../arm-elf/lib/thumb/interwork/libc.a(strncpy.o)

.debug_pubnames
                0x00000000      0x10d
 .debug_pubnames
                0x00000000       0x1f /cygdrive/C/cygwin/GNUARM/bin/../lib/gcc/arm-elf/4.0.2/thumb/interwork/libgcc.a(_muldi3.o)
 .debug_pubnames
                0x0000001f       0x1f /cygdrive/C/cygwin/GNUARM/bin/../lib/gcc/arm-elf/4.0.2/thumb/interwork/libgcc.a(_divdi3.o)
 .debug_pubnames
                0x0000003e       0x20 /cygdrive/C/cygwin/GNUARM/bin/../lib/gcc/arm-elf/4.0.2/thumb/interwork/libgcc.a(_clz.o)
 .debug_pubnames
                0x0000005e       0x1d /cygdrive/C/cygwin/GNUARM/bin/../lib/gcc/arm-elf/4.0.2/../../../../arm-elf/lib/thumb/interwork/libc.a(memcpy.o)
 .debug_pubnames
                0x0000007b       0x1d /cygdrive/C/cygwin/GNUARM/bin/../lib/gcc/arm-elf/4.0.2/../../../../arm-elf/lib/thumb/interwork/libc.a(memset.o)
 .debug_pubnames
                0x00000098       0x1d /cygdrive/C/cygwin/GNUARM/bin/../lib/gcc/arm-elf/4.0.2/../../../../arm-elf/lib/thumb/interwork/libc.a(strcmp.o)
 .debug_pubnames
                0x000000b5       0x1d /cygdrive/C/cygwin/GNUARM/bin/../lib/gcc/arm-elf/4.0.2/../../../../arm-elf/lib/thumb/interwork/libc.a(strcpy.o)
 .debug_pubnames
                0x000000d2       0x1d /cygdrive/C/cygwin/GNUARM/bin/../lib/gcc/arm-elf/4.0.2/../../../../arm-elf/lib/thumb/interwork/libc.a(strlen.o)
 .debug_pubnames
                0x000000ef       0x1e /cygdrive/C/cygwin/GNUARM/bin/../lib/gcc/arm-elf/4.0.2/../../../../arm-elf/lib/thumb/interwork/libc.a(strncpy.o)

.debug_ranges   0x00000000      0x1d8
 .debug_ranges  0x00000000       0x30 /cygdrive/C/cygwin/GNUARM/bin/../lib/gcc/arm-elf/4.0.2/thumb/interwork/libgcc.a(_muldi3.o)
 .debug_ranges  0x00000030      0x1a8 /cygdrive/C/cygwin/GNUARM/bin/../lib/gcc/arm-elf/4.0.2/thumb/interwork/libgcc.a(_divdi3.o)

.debug_str      0x00000000      0x38b
 .debug_str     0x00000000       0xfb /cygdrive/C/cygwin/GNUARM/bin/../lib/gcc/arm-elf/4.0.2/thumb/interwork/libgcc.a(_muldi3.o)
                                0x14f (size before relaxing)
 .debug_str     0x000000fb       0x5d /cygdrive/C/cygwin/GNUARM/bin/../lib/gcc/arm-elf/4.0.2/thumb/interwork/libgcc.a(_divdi3.o)
                                0x1a3 (size before relaxing)
 .debug_str     0x00000158        0x0 /cygdrive/C/cygwin/GNUARM/bin/../lib/gcc/arm-elf/4.0.2/thumb/interwork/libgcc.a(_clz.o)
                                0x104 (size before relaxing)
 .debug_str     0x00000158       0xb3 /cygdrive/C/cygwin/GNUARM/bin/../lib/gcc/arm-elf/4.0.2/../../../../arm-elf/lib/thumb/interwork/libc.a(memcpy.o)
                                 0xdf (size before relaxing)
 .debug_str     0x0000020b       0x5a /cygdrive/C/cygwin/GNUARM/bin/../lib/gcc/arm-elf/4.0.2/../../../../arm-elf/lib/thumb/interwork/libc.a(memset.o)
                                0x129 (size before relaxing)
 .debug_str     0x00000265       0x46 /cygdrive/C/cygwin/GNUARM/bin/../lib/gcc/arm-elf/4.0.2/../../../../arm-elf/lib/thumb/interwork/libc.a(strcmp.o)
                                0x10e (size before relaxing)
 .debug_str     0x000002ab       0x46 /cygdrive/C/cygwin/GNUARM/bin/../lib/gcc/arm-elf/4.0.2/../../../../arm-elf/lib/thumb/interwork/libc.a(strcpy.o)
                                0x130 (size before relaxing)
 .debug_str     0x000002f1       0x4c /cygdrive/C/cygwin/GNUARM/bin/../lib/gcc/arm-elf/4.0.2/../../../../arm-elf/lib/thumb/interwork/libc.a(strlen.o)
                                0x128 (size before relaxing)
 .debug_str     0x0000033d       0x4e /cygdrive/C/cygwin/GNUARM/bin/../lib/gcc/arm-elf/4.0.2/../../../../arm-elf/lib/thumb/interwork/libc.a(strncpy.o)
                                0x13f (size before relaxing)

Cross Reference Table

Symbol                                            File
ActionTask                                        build/./kernel_cfg.o
ActivateTask                                      build/kernel/task_manage.o
                                                  build/./kernel_cfg.o
CancelAlarm                                       build/kernel/alarm.o
ChainTask                                         build/kernel/task_manage.o
ClearEvent                                        build/kernel/event.o
DisableAllInterrupts                              build/kernel/interrupt.o
DisplayTask                                       build/./kernel_cfg.o
EnableAllInterrupts                               build/kernel/interrupt.o
ErrorHook                                         ../ecrobot/../ecrobot/libecrobot.a(osek_hook.o)
                                                  build/kernel/osctl.o
GetActiveApplicationMode                          build/kernel/osctl.o
GetAlarm                                          build/kernel/alarm.o
GetAlarmBase                                      build/kernel/alarm.o
GetEvent                                          build/kernel/event.o
GetResource                                       build/kernel/resource.o
GetTaskID                                         build/kernel/task_manage.o
GetTaskState                                      build/kernel/task_manage.o
NXT_COLORSENSOR_PROTOCOLS                         ../ecrobot/../ecrobot/libecrobot.a(ecrobot_interface.o)
NXT_Entry_Point                                   build/nxt_entry_point.o
                                                  build/nxt_binary_header.o
OSEK_Alarm_task_ts1                               build/./kernel_cfg.o
OSEK_Alarm_task_ts2                               build/./kernel_cfg.o
OSEK_Alarm_task_ts3                               build/./kernel_cfg.o
PostTaskHook                                      ../ecrobot/../ecrobot/libecrobot.a(osek_hook.o)
                                                  build/config/at91sam7s-gnu/cpu_support.oram
                                                  build/kernel/osctl.o
PreTaskHook                                       ../ecrobot/../ecrobot/libecrobot.a(osek_hook.o)
                                                  build/config/at91sam7s-gnu/cpu_support.oram
                                                  build/kernel/osctl.o
ReleaseResource                                   build/kernel/resource.o
ResumeAllInterrupts                               build/kernel/interrupt.o
ResumeOSInterrupts                                build/kernel/interrupt.o
Schedule                                          build/kernel/task_manage.o
SetAbsAlarm                                       build/kernel/alarm.o
SetEvent                                          build/kernel/event.o
SetRelAlarm                                       build/kernel/alarm.o
ShutdownHook                                      ../ecrobot/../ecrobot/libecrobot.a(osek_hook.o)
                                                  build/kernel/osctl.o
ShutdownOS                                        build/kernel/osctl.o
SignalCounter                                     build/kernel/alarm.o
                                                  build/./SE_Robot.o
StartOS                                           build/kernel/osctl.o
                                                  build/ecrobot.o
StartupHook                                       ../ecrobot/../ecrobot/libecrobot.a(osek_hook.o)
                                                  build/kernel/osctl.o
SuspendAllInterrupts                              build/kernel/interrupt.o
SuspendOSInterrupts                               build/kernel/interrupt.o
SysTimerCnt                                       build/./kernel_cfg.o
                                                  build/./SE_Robot.o
TaskMainActionTask                                build/./SE_Robot.o
                                                  build/./kernel_cfg.o
TaskMainDisplayTask                               build/./SE_Robot.o
                                                  build/./kernel_cfg.o
TaskMainTouchSensorTask                           build/./SE_Robot.o
                                                  build/./kernel_cfg.o
TerminateTask                                     build/kernel/task_manage.o
                                                  build/./SE_Robot.o
TouchSensorTask                                   build/./kernel_cfg.o
WaitEvent                                         build/kernel/event.o
____divdf3_change_to_arm                          /cygdrive/C/cygwin/GNUARM/bin/../lib/gcc/arm-elf/4.0.2/../../../../arm-elf/lib/thumb/interwork/libc.a(strncpy.o)
____divdf3_from_thumb                             /cygdrive/C/cygwin/GNUARM/bin/../lib/gcc/arm-elf/4.0.2/../../../../arm-elf/lib/thumb/interwork/libc.a(strncpy.o)
____extendsfdf2_change_to_arm                     /cygdrive/C/cygwin/GNUARM/bin/../lib/gcc/arm-elf/4.0.2/../../../../arm-elf/lib/thumb/interwork/libc.a(strncpy.o)
____extendsfdf2_from_thumb                        /cygdrive/C/cygwin/GNUARM/bin/../lib/gcc/arm-elf/4.0.2/../../../../arm-elf/lib/thumb/interwork/libc.a(strncpy.o)
____fixsfsi_change_to_arm                         /cygdrive/C/cygwin/GNUARM/bin/../lib/gcc/arm-elf/4.0.2/../../../../arm-elf/lib/thumb/interwork/libc.a(strncpy.o)
____fixsfsi_from_thumb                            /cygdrive/C/cygwin/GNUARM/bin/../lib/gcc/arm-elf/4.0.2/../../../../arm-elf/lib/thumb/interwork/libc.a(strncpy.o)
____floatsidf_change_to_arm                       /cygdrive/C/cygwin/GNUARM/bin/../lib/gcc/arm-elf/4.0.2/../../../../arm-elf/lib/thumb/interwork/libc.a(strncpy.o)
____floatsidf_from_thumb                          /cygdrive/C/cygwin/GNUARM/bin/../lib/gcc/arm-elf/4.0.2/../../../../arm-elf/lib/thumb/interwork/libc.a(strncpy.o)
____gtdf2_change_to_arm                           /cygdrive/C/cygwin/GNUARM/bin/../lib/gcc/arm-elf/4.0.2/../../../../arm-elf/lib/thumb/interwork/libc.a(strncpy.o)
____gtdf2_from_thumb                              /cygdrive/C/cygwin/GNUARM/bin/../lib/gcc/arm-elf/4.0.2/../../../../arm-elf/lib/thumb/interwork/libc.a(strncpy.o)
____muldf3_change_to_arm                          /cygdrive/C/cygwin/GNUARM/bin/../lib/gcc/arm-elf/4.0.2/../../../../arm-elf/lib/thumb/interwork/libc.a(strncpy.o)
____muldf3_from_thumb                             /cygdrive/C/cygwin/GNUARM/bin/../lib/gcc/arm-elf/4.0.2/../../../../arm-elf/lib/thumb/interwork/libc.a(strncpy.o)
____subsf3_change_to_arm                          /cygdrive/C/cygwin/GNUARM/bin/../lib/gcc/arm-elf/4.0.2/../../../../arm-elf/lib/thumb/interwork/libc.a(strncpy.o)
____subsf3_from_thumb                             /cygdrive/C/cygwin/GNUARM/bin/../lib/gcc/arm-elf/4.0.2/../../../../arm-elf/lib/thumb/interwork/libc.a(strncpy.o)
____truncdfsf2_change_to_arm                      /cygdrive/C/cygwin/GNUARM/bin/../lib/gcc/arm-elf/4.0.2/../../../../arm-elf/lib/thumb/interwork/libc.a(strncpy.o)
____truncdfsf2_from_thumb                         /cygdrive/C/cygwin/GNUARM/bin/../lib/gcc/arm-elf/4.0.2/../../../../arm-elf/lib/thumb/interwork/libc.a(strncpy.o)
__adddf3                                          /cygdrive/C/cygwin/GNUARM/bin/../lib/gcc/arm-elf/4.0.2/thumb/interwork/libgcc.a(_addsubdf3.o)
__addsf3                                          /cygdrive/C/cygwin/GNUARM/bin/../lib/gcc/arm-elf/4.0.2/thumb/interwork/libgcc.a(_addsubsf3.o)
__aeabi_cdcmpeq                                   /cygdrive/C/cygwin/GNUARM/bin/../lib/gcc/arm-elf/4.0.2/thumb/interwork/libgcc.a(_cmpdf2.o)
__aeabi_cdcmple                                   /cygdrive/C/cygwin/GNUARM/bin/../lib/gcc/arm-elf/4.0.2/thumb/interwork/libgcc.a(_cmpdf2.o)
__aeabi_cdrcmple                                  /cygdrive/C/cygwin/GNUARM/bin/../lib/gcc/arm-elf/4.0.2/thumb/interwork/libgcc.a(_cmpdf2.o)
__aeabi_d2f                                       /cygdrive/C/cygwin/GNUARM/bin/../lib/gcc/arm-elf/4.0.2/thumb/interwork/libgcc.a(_truncdfsf2.o)
__aeabi_dadd                                      /cygdrive/C/cygwin/GNUARM/bin/../lib/gcc/arm-elf/4.0.2/thumb/interwork/libgcc.a(_addsubdf3.o)
__aeabi_dcmpeq                                    /cygdrive/C/cygwin/GNUARM/bin/../lib/gcc/arm-elf/4.0.2/thumb/interwork/libgcc.a(_cmpdf2.o)
__aeabi_dcmpge                                    /cygdrive/C/cygwin/GNUARM/bin/../lib/gcc/arm-elf/4.0.2/thumb/interwork/libgcc.a(_cmpdf2.o)
__aeabi_dcmpgt                                    /cygdrive/C/cygwin/GNUARM/bin/../lib/gcc/arm-elf/4.0.2/thumb/interwork/libgcc.a(_cmpdf2.o)
__aeabi_dcmple                                    /cygdrive/C/cygwin/GNUARM/bin/../lib/gcc/arm-elf/4.0.2/thumb/interwork/libgcc.a(_cmpdf2.o)
__aeabi_dcmplt                                    /cygdrive/C/cygwin/GNUARM/bin/../lib/gcc/arm-elf/4.0.2/thumb/interwork/libgcc.a(_cmpdf2.o)
__aeabi_ddiv                                      /cygdrive/C/cygwin/GNUARM/bin/../lib/gcc/arm-elf/4.0.2/thumb/interwork/libgcc.a(_muldivdf3.o)
__aeabi_dmul                                      /cygdrive/C/cygwin/GNUARM/bin/../lib/gcc/arm-elf/4.0.2/thumb/interwork/libgcc.a(_muldivdf3.o)
__aeabi_drsub                                     /cygdrive/C/cygwin/GNUARM/bin/../lib/gcc/arm-elf/4.0.2/thumb/interwork/libgcc.a(_addsubdf3.o)
__aeabi_dsub                                      /cygdrive/C/cygwin/GNUARM/bin/../lib/gcc/arm-elf/4.0.2/thumb/interwork/libgcc.a(_addsubdf3.o)
__aeabi_f2d                                       /cygdrive/C/cygwin/GNUARM/bin/../lib/gcc/arm-elf/4.0.2/thumb/interwork/libgcc.a(_addsubdf3.o)
__aeabi_f2iz                                      /cygdrive/C/cygwin/GNUARM/bin/../lib/gcc/arm-elf/4.0.2/thumb/interwork/libgcc.a(_fixsfsi.o)
__aeabi_fadd                                      /cygdrive/C/cygwin/GNUARM/bin/../lib/gcc/arm-elf/4.0.2/thumb/interwork/libgcc.a(_addsubsf3.o)
__aeabi_frsub                                     /cygdrive/C/cygwin/GNUARM/bin/../lib/gcc/arm-elf/4.0.2/thumb/interwork/libgcc.a(_addsubsf3.o)
__aeabi_fsub                                      /cygdrive/C/cygwin/GNUARM/bin/../lib/gcc/arm-elf/4.0.2/thumb/interwork/libgcc.a(_addsubsf3.o)
__aeabi_i2d                                       /cygdrive/C/cygwin/GNUARM/bin/../lib/gcc/arm-elf/4.0.2/thumb/interwork/libgcc.a(_addsubdf3.o)
__aeabi_i2f                                       /cygdrive/C/cygwin/GNUARM/bin/../lib/gcc/arm-elf/4.0.2/thumb/interwork/libgcc.a(_addsubsf3.o)
__aeabi_idiv0                                     /cygdrive/C/cygwin/GNUARM/bin/../lib/gcc/arm-elf/4.0.2/thumb/interwork/libgcc.a(_dvmd_tls.o)
__aeabi_idivmod                                   /cygdrive/C/cygwin/GNUARM/bin/../lib/gcc/arm-elf/4.0.2/thumb/interwork/libgcc.a(_divsi3.o)
__aeabi_l2d                                       /cygdrive/C/cygwin/GNUARM/bin/../lib/gcc/arm-elf/4.0.2/thumb/interwork/libgcc.a(_addsubdf3.o)
__aeabi_l2f                                       /cygdrive/C/cygwin/GNUARM/bin/../lib/gcc/arm-elf/4.0.2/thumb/interwork/libgcc.a(_addsubsf3.o)
__aeabi_ldiv0                                     /cygdrive/C/cygwin/GNUARM/bin/../lib/gcc/arm-elf/4.0.2/thumb/interwork/libgcc.a(_dvmd_tls.o)
__aeabi_ui2d                                      /cygdrive/C/cygwin/GNUARM/bin/../lib/gcc/arm-elf/4.0.2/thumb/interwork/libgcc.a(_addsubdf3.o)
__aeabi_ui2f                                      /cygdrive/C/cygwin/GNUARM/bin/../lib/gcc/arm-elf/4.0.2/thumb/interwork/libgcc.a(_addsubsf3.o)
__aeabi_uidivmod                                  /cygdrive/C/cygwin/GNUARM/bin/../lib/gcc/arm-elf/4.0.2/thumb/interwork/libgcc.a(_udivsi3.o)
__aeabi_ul2d                                      /cygdrive/C/cygwin/GNUARM/bin/../lib/gcc/arm-elf/4.0.2/thumb/interwork/libgcc.a(_addsubdf3.o)
__aeabi_ul2f                                      /cygdrive/C/cygwin/GNUARM/bin/../lib/gcc/arm-elf/4.0.2/thumb/interwork/libgcc.a(_addsubsf3.o)
__bss_end__                                       build/ecrobot_init.o
__bss_start__                                     build/ecrobot_init.o
__call_posttaskhook_from_arm                      /cygdrive/C/cygwin/GNUARM/bin/../lib/gcc/arm-elf/4.0.2/../../../../arm-elf/lib/thumb/interwork/libc.a(strncpy.o)
__call_pretaskhook_from_arm                       /cygdrive/C/cygwin/GNUARM/bin/../lib/gcc/arm-elf/4.0.2/../../../../arm-elf/lib/thumb/interwork/libc.a(strncpy.o)
__clz_tab                                         /cygdrive/C/cygwin/GNUARM/bin/../lib/gcc/arm-elf/4.0.2/thumb/interwork/libgcc.a(_clz.o)
                                                  /cygdrive/C/cygwin/GNUARM/bin/../lib/gcc/arm-elf/4.0.2/thumb/interwork/libgcc.a(_divdi3.o)
__cmpdf2                                          /cygdrive/C/cygwin/GNUARM/bin/../lib/gcc/arm-elf/4.0.2/thumb/interwork/libgcc.a(_cmpdf2.o)
__ctor_begin                                      build/ecrobot_base.o
__ctor_end                                        build/ecrobot_base.o
__data_load_end__                                 build/ecrobot_init.o
__data_load_start__                               build/ecrobot_init.o
__data_ram_start__                                build/ecrobot_init.o
__disable_int_change_to_arm                       /cygdrive/C/cygwin/GNUARM/bin/../lib/gcc/arm-elf/4.0.2/../../../../arm-elf/lib/thumb/interwork/libc.a(strncpy.o)
__disable_int_from_thumb                          /cygdrive/C/cygwin/GNUARM/bin/../lib/gcc/arm-elf/4.0.2/../../../../arm-elf/lib/thumb/interwork/libc.a(strncpy.o)
__dispatch_change_to_arm                          /cygdrive/C/cygwin/GNUARM/bin/../lib/gcc/arm-elf/4.0.2/../../../../arm-elf/lib/thumb/interwork/libc.a(strncpy.o)
__dispatch_from_thumb                             /cygdrive/C/cygwin/GNUARM/bin/../lib/gcc/arm-elf/4.0.2/../../../../arm-elf/lib/thumb/interwork/libc.a(strncpy.o)
__display_bios_status_change_to_arm               /cygdrive/C/cygwin/GNUARM/bin/../lib/gcc/arm-elf/4.0.2/../../../../arm-elf/lib/thumb/interwork/libc.a(strncpy.o)
__display_bios_status_from_thumb                  /cygdrive/C/cygwin/GNUARM/bin/../lib/gcc/arm-elf/4.0.2/../../../../arm-elf/lib/thumb/interwork/libc.a(strncpy.o)
__div0                                            /cygdrive/C/cygwin/GNUARM/bin/../lib/gcc/arm-elf/4.0.2/thumb/interwork/libgcc.a(_dvmd_tls.o)
                                                  /cygdrive/C/cygwin/GNUARM/bin/../lib/gcc/arm-elf/4.0.2/thumb/interwork/libgcc.a(_modsi3.o)
                                                  /cygdrive/C/cygwin/GNUARM/bin/../lib/gcc/arm-elf/4.0.2/thumb/interwork/libgcc.a(_umodsi3.o)
                                                  /cygdrive/C/cygwin/GNUARM/bin/../lib/gcc/arm-elf/4.0.2/thumb/interwork/libgcc.a(_divsi3.o)
                                                  /cygdrive/C/cygwin/GNUARM/bin/../lib/gcc/arm-elf/4.0.2/thumb/interwork/libgcc.a(_udivsi3.o)
__divdf3                                          /cygdrive/C/cygwin/GNUARM/bin/../lib/gcc/arm-elf/4.0.2/thumb/interwork/libgcc.a(_muldivdf3.o)
                                                  build/./SE_Robot.o
__divdi3                                          /cygdrive/C/cygwin/GNUARM/bin/../lib/gcc/arm-elf/4.0.2/thumb/interwork/libgcc.a(_divdi3.o)
                                                  ../ecrobot/../ecrobot/libecrobot.a(sound.oram)
__divsi3                                          /cygdrive/C/cygwin/GNUARM/bin/../lib/gcc/arm-elf/4.0.2/thumb/interwork/libgcc.a(_divsi3.o)
                                                  ../ecrobot/../ecrobot/libecrobot.a(sound.oram)
                                                  ../ecrobot/../ecrobot/libecrobot.a(uart.oram)
__dtor_begin                                      build/ecrobot_base.o
__dtor_end                                        build/ecrobot_base.o
__ecrobot_debug1_from_arm                         /cygdrive/C/cygwin/GNUARM/bin/../lib/gcc/arm-elf/4.0.2/../../../../arm-elf/lib/thumb/interwork/libc.a(strncpy.o)
__ecrobot_debug2_from_arm                         /cygdrive/C/cygwin/GNUARM/bin/../lib/gcc/arm-elf/4.0.2/../../../../arm-elf/lib/thumb/interwork/libc.a(strncpy.o)
__enable_int_change_to_arm                        /cygdrive/C/cygwin/GNUARM/bin/../lib/gcc/arm-elf/4.0.2/../../../../arm-elf/lib/thumb/interwork/libc.a(strncpy.o)
__enable_int_from_thumb                           /cygdrive/C/cygwin/GNUARM/bin/../lib/gcc/arm-elf/4.0.2/../../../../arm-elf/lib/thumb/interwork/libc.a(strncpy.o)
__eqdf2                                           /cygdrive/C/cygwin/GNUARM/bin/../lib/gcc/arm-elf/4.0.2/thumb/interwork/libgcc.a(_cmpdf2.o)
__exit_and_dispatch_change_to_arm                 /cygdrive/C/cygwin/GNUARM/bin/../lib/gcc/arm-elf/4.0.2/../../../../arm-elf/lib/thumb/interwork/libc.a(strncpy.o)
__exit_and_dispatch_from_thumb                    /cygdrive/C/cygwin/GNUARM/bin/../lib/gcc/arm-elf/4.0.2/../../../../arm-elf/lib/thumb/interwork/libc.a(strncpy.o)
__extendsfdf2                                     /cygdrive/C/cygwin/GNUARM/bin/../lib/gcc/arm-elf/4.0.2/thumb/interwork/libgcc.a(_addsubdf3.o)
                                                  build/./SE_Robot.o
__fixsfsi                                         /cygdrive/C/cygwin/GNUARM/bin/../lib/gcc/arm-elf/4.0.2/thumb/interwork/libgcc.a(_fixsfsi.o)
                                                  build/./SE_Robot.o
__floatdidf                                       /cygdrive/C/cygwin/GNUARM/bin/../lib/gcc/arm-elf/4.0.2/thumb/interwork/libgcc.a(_addsubdf3.o)
__floatdisf                                       /cygdrive/C/cygwin/GNUARM/bin/../lib/gcc/arm-elf/4.0.2/thumb/interwork/libgcc.a(_addsubsf3.o)
__floatsidf                                       /cygdrive/C/cygwin/GNUARM/bin/../lib/gcc/arm-elf/4.0.2/thumb/interwork/libgcc.a(_addsubdf3.o)
                                                  ../ecrobot/../ecrobot/libecrobot.a(colorsensor.o)
                                                  build/./SE_Robot.o
__floatsisf                                       /cygdrive/C/cygwin/GNUARM/bin/../lib/gcc/arm-elf/4.0.2/thumb/interwork/libgcc.a(_addsubsf3.o)
__floatundidf                                     /cygdrive/C/cygwin/GNUARM/bin/../lib/gcc/arm-elf/4.0.2/thumb/interwork/libgcc.a(_addsubdf3.o)
__floatundisf                                     /cygdrive/C/cygwin/GNUARM/bin/../lib/gcc/arm-elf/4.0.2/thumb/interwork/libgcc.a(_addsubsf3.o)